******************************************************************************
                  TI ARM Linker PC v16.9.6                     
******************************************************************************
>> Linked Fri Feb 06 10:38:26 2026

OUTPUT FILE NAME:   <humanoid.xer4f>
ENTRY POINT SYMBOL: "_c_int00"  address: 0001f958


MEMORY CONFIGURATION

         name            origin    length      used     unused   attr    fill
----------------------  --------  ---------  --------  --------  ----  --------
PAGE 0:
  VECTORS               00000000   00000100  0000003c  000000c4     X
  PROG_RAM              00000100   0007ff00  00027e18  000580e8  R  X
  DATA_RAM              08000000   00030000  0002aca4  0000535c  RW  
  L3_RAM                51000000   000c0000  000c0000  00000000  RW  
  HWA_RAM               52030000   00010000  00000000  00010000  RW  
  HS_RAM                52080000   00008000  00000000  00008000  RW  

PAGE 1:
  L3_RAM                51000000   000c0000  00000000  000c0000  RW  


SEGMENT ALLOCATION MAP

run origin  load origin   length   init length attrs members
----------  ----------- ---------- ----------- ----- -------
00000000    00000000    0000003c   0000003c    r--
  00000000    00000000    0000003c   0000003c    r-- .vecs
00000100    00000100    00027e20   00027e20    r-x
  00000100    00000100    00026322   00026322    r-x .text
  00026428    00026428    000014e6   000014e6    r-- .const
  00027910    00027910    00000610   00000610    r-- .cinit
08000000    08000000    0002aca8   00000000    rw-
  08000000    08000000    00018000   00000000    rw- systemHeap
  08018000    08018000    0000c400   00000000    rw- .DPC_objDetTcmbHeap
  08024400    08024400    00003a48   00000000    rw- .bss
  08027e48    08027e48    000021ac   00000000    rw- .data
  08029ff8    08029ff8    00000800   00000000    rw- .myFiqStack
  0802a7f8    0802a7f8    000004b0   00000000    rw- .stack
51000000    51000000    000c0000   00000000    rw-
  51000000    51000000    000c0000   00000000    rw- .l3ram


SECTION ALLOCATION MAP

 output                                  attributes/
section   page    origin      length       input sections
--------  ----  ----------  ----------   ----------------
.vecs      0    00000000    0000003c     
                  00000000    0000003c     mmw_per4ft.oer4ft (.vecs)

.text      0    00000100    00026322     
                  00000100    0000107a     rtsv7R4_T_le_v3D16_eabi.lib : _printfi.obj (.text)
                  0000117a    00000002     libadcbuf_xwr68xx.aer4f : adcbuf_mmwave.oer4f (.text:ADCBUF_MMWave_init)
                  0000117c    00000898     rtsv7R4_T_le_v3D16_eabi.lib : _scanfi.obj (.text)
                  00001a14    000007c5     main.oer4f (.text:MmwDemo_dataPathConfig)
                  000021d9    00000001     --HOLE-- [fill = 0]
                  000021da    00000002     libhwa_xwr68xx.aer4f : hwa.oer4f (.text:HWA_init)
                  000021dc    0000069e     mmw_cli.oer4f (.text:MmwDemo_CLIInit)
                  0000287a    00000002     libmmwave_xwr68xx.aer4f : mmwave_link.oer4f (.text:MMWave_maskHostIRQ)
                  0000287c    00000670     libdopplerproc_hwa_xwr68xx.aer4f : dopplerprochwa.oer4f (.text:DPU_DopplerProcHWA_config)
                  00002eec    00000658     libhwa_xwr68xx.aer4f : hwa.oer4f (.text:HWA_configParamSet)
                  00003544    000005fc     rtsv7R4_T_le_v3D16_eabi.lib : k_rem_pio2.obj (.text)
                  00003b40    000005e0     main.oer4f (.text:MmwDemo_initTask)
                  00004120    000005bd     objectdetection.oer4f (.text:DPC_ObjectDetection_ioctl)
                  000046dd    00000001     --HOLE-- [fill = 0]
                  000046de    000005b4     libaoa2dproc_hwa_xwr68xx.aer4f : aoa2dprochwa.oer4f (.text:AoAProcHWA_config_HWA)
                  00004c92    00000576                                    : aoa2dprochwa.oer4f (.text:AoAProcHWA_config_EDMA)
                  00005208    00000564     librangeproc_hwa_xwr68xx.aer4f : rangeprochwa.oer4f (.text:DPU_RangeProcHWA_process)
                  0000576c    00000508     mmwdemo_rfparser.oer4f (.text:MmwDemo_RFParser_parseCtrlConfig)
                  00005c74    000004f1     main.oer4f (.text:MmwDemo_openSensor)
                  00006165    00000001     --HOLE-- [fill = 0]
                  00006166    0000000a     libadcbuf_xwr68xx.aer4f : ADCBuf.oer4f (.text:ADCBuf_control)
                  00006170    000004e1     sysbios.aer4ft : BIOS.obj (.text:xdc_runtime_System_doPrint__I)
                  00006651    00000001     --HOLE-- [fill = 0]
                  00006652    00000002     libqspiflash_xwr68xx.aer4f : qspiflash.oer4f (.text:QSPIFlash_init)
                  00006654    000004a8     libadcbuf_xwr68xx.aer4f : adcbuf_mmwave.oer4f (.text:ADCBUF_MMWave_control)
                  00006afc    0000044c     objectdetection.oer4f (.text:DPC_ObjDet_rangeBiasRxChPhaseMeasure)
                  00006f48    0000043c     librangeproc_hwa_xwr68xx.aer4f : rangeprochwa.oer4f (.text:DPU_RangeProcHWA_config)
                  00007384    00000410     libcli_xwr68xx.aer4f : cli_mmwave.oer4f (.text:CLI_MMWaveVersion)
                  00007794    0000040d     main.oer4f (.text:MmwDemo_DPC_ObjectDetection_dpmTask)
                  00007ba1    00000001     --HOLE-- [fill = 0]
                  00007ba2    00000002     libqspi_xwr68xx.aer4f : qspi.oer4f (.text:QSPI_init)
                  00007ba4    00000401     mmw_cli.oer4f (.text:MmwDemo_CLISensorStart)
                  00007fa5    00000001     --HOLE-- [fill = 0]
                  00007fa6    00000002     libuart_xwr68xx.aer4f : uartsci.oer4f (.text:UartSci_init)
                  00007fa8    000003f4     libaoa2dproc_hwa_xwr68xx.aer4f : aoa2dprochwa.oer4f (.text:DPU_AoAProcHWA_process)
                  0000839c    000003f4     rtsv7R4_T_le_v3D16_eabi.lib : s_cos.obj (.text)
                  00008790    000003f4                                 : s_sin.obj (.text)
                  00008b84    00000314     main.oer4f (.text:MmwDemo_transmitProcessedOutput)
                  00008e98    00000314     libsoc_xwr68xx.aer4f : soc_xwr68xx_mss.oer4f (.text:SOC_deviceInit)
                  000091ac    00000304     librangeproc_hwa_xwr68xx.aer4f : rangeprochwa.oer4f (.text:rangeProcHWA_ConfigEDMA_DataOut_nonInterleave)
                  000094b0    000002f8     libcbuff_xwr68xx.aer4f : cbuff.oer4f (.text:CBUFF_createSession)
                  000097a8    00000008     libaoa2dproc_hwa_xwr68xx.aer4f : aoa2dprochwa.oer4f (.text:AOAProcHWADoneIsrCallback)
                  000097b0    000002f4     sysbios.aer4ft : BIOS.obj (.text:ti_sysbios_knl_Semaphore_pend__E)
                  00009aa4    000002d4     objectdetection.oer4f (.text:DPC_ObjDet_AoAconfig)
                  00009d78    00000008     libcfarcaproc_hwa_xwr68xx.aer4f : cfarcaprochwa.oer4f (.text:CFARCAHWADoneIsrCallback)
                  00009d80    000002cc     sysbios.aer4ft : BIOS.obj (.text:ti_sysbios_knl_Task_Instance_finalize__E)
                  0000a04c    000002c4     libhwa_xwr68xx.aer4f : hwa.oer4f (.text:HWA_configCommon)
                  0000a310    000002c0     main.oer4f (.text:MmwDemo_DPC_ObjectDetection_reportFxn)
                  0000a5d0    000002b8     libaoa2dproc_hwa_xwr68xx.aer4f : aoa2dprochwa.oer4f (.text:AoAProcHWA_dopplerCompensation)
                  0000a888    000002b8     rtsv7R4_T_le_v3D16_eabi.lib : ull_div32.obj (.text)
                  0000ab40    000002a4     sysbios.aer4ft : BIOS.obj (.text:ti_sysbios_heaps_HeapMem_freeUnprotected__E)
                  0000ade4    00000294     objectdetection.oer4f (.text:DPC_ObjectDetection_execute)
                  0000b078    00000284     libmmwave_xwr68xx.aer4f : mmwave_dualcore.oer4f (.text:MMWave_deviceExecuteFxn)
                  0000b2fc    00000284     main.oer4f (.text:MmwDemo_processPendingDynamicCfgCommands)
                  0000b580    00000280     libhsiheader_xwr68xx.aer4f : hsiheader.oer4f (.text:HSIHeader_createHeader)
                  0000b800    00000280     sysbios.aer4ft : BIOS.obj (.text:ti_sysbios_family_arm_exc_Exception_excDumpContext__I)
                  0000ba80    0000026c     libqspiflash_xwr68xx.aer4f : qspiflash.oer4f (.text:QSPIFlash_open)
                  0000bcec    00000264     libcbuff_xwr68xx.aer4f : cbuff.oer4f (.text:CBUFF_init)
                  0000bf50    00000260     libmailbox_xwr68xx.aer4f : mailbox.oer4f (.text:Mailbox_open)
                  0000c1b0    00000258     main.oer4f (.text:MmwDemo_sensorStopEpilog)
                  0000c408    00000254     libcli_xwr68xx.aer4f : cli_mmwave.oer4f (.text:CLI_MMWaveProfileCfg)
                  0000c65c    00000254     main.oer4f (.text:MmwDemo_eventCallbackFxn)
                  0000c8b0    00000240     objectdetection.oer4f (.text:DPC_ObjDet_rangeConfig)
                  0000caf0    0000023c     mmw_lvds_stream.oer4f (.text:MmwDemo_LVDSStreamHwConfig)
                  0000cd2c    0000022c     libcbuff_xwr68xx.aer4f : cbuff_lvds.oer4f (.text:CBUFF_openLVDS)
                  0000cf58    0000022c     librangeproc_hwa_xwr68xx.aer4f : rangeprochwa.oer4f (.text:rangeProcHWA_ConfigHWA)
                  0000d184    0000000c     libedma_xwr68xx.aer4f : edma_low_level.oer4f (.text:EDMA3ChannelToParamMap)
                  0000d190    00000228     sysbios.aer4ft : BIOS.obj (.text:ti_sysbios_heaps_HeapMem_allocUnprotected__E)
                  0000d3b8    00000224     data_path.oer4f (.text:MmwDemo_checkEdmaErrors)
                  0000d5dc    00000004     libaoa2dproc_hwa_xwr68xx.aer4f : aoa2dprochwa.oer4f (.text:DPU_AoAProcHWA_getNumHwaParamSets)
                  0000d5e0    00000224     sysbios.aer4ft : BIOS.obj (.text:ti_sysbios_timers_rti_Timer_Module_startup__E)
                  0000d804    00000214     libuart_xwr68xx.aer4f : uartsci.oer4f (.text:UartSci_open)
                  0000da18    0000020a     libcbuff_xwr68xx.aer4f : cbuff_transfer.oer4f (.text:CBUFF_addLinkedList)
                  0000dc22    00000002     rtsv7R4_T_le_v3D16_eabi.lib : i_div0.obj (.text)
                  0000dc24    00000204     libcli_xwr68xx.aer4f : cli_mmwave.oer4f (.text:CLI_MMWaveChirpCfg)
                  0000de28    00000204     libcrc_xwr68xx.aer4f : crc.oer4f (.text:CRC_open)
                  0000e02c    00000204     objectdetection.oer4f (.text:DPC_ObjDet_preStartConfig)
                  0000e230    00000204     sysbios.aer4ft : BIOS.obj (.text:ti_sysbios_knl_Task_sleep__E)
                  0000e434    0000000c     libedma_xwr68xx.aer4f : edma_low_level.oer4f (.text:EDMAsetRegion)
                  0000e440    00000200     sysbios.aer4ft : BIOS.obj (.text:ti_sysbios_knl_Task_Instance_init__E)
                  0000e640    000001fa     libaoa2dproc_hwa_xwr68xx.aer4f : aoa2dprochwa.oer4f (.text:AoAProcHWA_config_azimuthHeatMap_HWA)
                  0000e83a    00000002     mmw_per4ft.oer4ft (.text:ti_sysbios_BIOS_nullFunc__I)
                  0000e83c    000001f0     libdma_xwr68xx.aer4f : dma.oer4f (.text:DMA_setChannelParams)
                  0000ea2c    000001ef     libedma_xwr68xx.aer4f : edma.oer4f (.text:EDMA_paramConfig_assist)
                  0000ec1b    00000001     --HOLE-- [fill = 0]
                  0000ec1c    000001ee     libaoa2dproc_hwa_xwr68xx.aer4f : aoa2dprochwa.oer4f (.text:AoAProcHWA_peakGrouping)
                  0000ee0a    00000002     mmw_per4ft.oer4ft (.text:xdc_runtime_Startup_reset__I)
                  0000ee0c    000001e4     rtsv7R4_T_le_v3D16_eabi.lib : strtod.obj (.text)
                  0000eff0    000001e4                                 : strtoll.obj (.text)
                  0000f1d4    000001dc     libaoa2dproc_hwa_xwr68xx.aer4f : aoa2dprochwa.oer4f (.text:DPU_AoAProcHWA_config)
                  0000f3b0    000001d8                                    : aoa2dprochwa.oer4f (.text:AoAProcHWA_XYZestimationAoA2D)
                  0000f588    000001d4     libcbuff_xwr68xx.aer4f : cbuff_edma.oer4f (.text:CBUFF_configEDMA)
                  0000f75c    000001d0     libmmwave_xwr68xx.aer4f : mmwave_link.oer4f (.text:MMWave_openLink)
                  0000f92c    00000004     libedma_xwr68xx.aer4f : edma.oer4f (.text:EDMA_getNumInstances)
                  0000f930    000001cc     sysbios.aer4ft : BIOS.obj (.text:ti_sysbios_family_arm_v7r_vim_Hwi_dispatchIRQC__I)
                  0000fafc    000001c8     libcbuff_xwr68xx.aer4f : cbuff_lvds.oer4f (.text:CBUFF_initLVDS)
                  0000fcc4    000001c8     libmmwavelink_xwr68xx.aer4f : rl_driver.oer4f (.text:rlDriverRxHdrRead)
                  0000fe8c    000001c8     rtsv7R4_T_le_v3D16_eabi.lib : fopen.obj (.text)
                  00010054    000001c4     libedma_xwr68xx.aer4f : edma.oer4f (.text:EDMA_open)
                  00010218    000001b4                           : edma.oer4f (.text:EDMA_configChannel)
                  000103cc    000001b0     libmmwavelink_xwr68xx.aer4f : rl_driver.oer4f (.text:rlDriverMsgRead)
                  0001057c    000001a4     libcbuff_xwr68xx.aer4f : cbuff.oer4f (.text:CBUFF_activateSession)
                  00010720    000001a4     libcli_xwr68xx.aer4f : cli_mmwave.oer4f (.text:CLI_MMWaveSubFrameCfg)
                  000108c4    000001a4     objectdetection.oer4f (.text:DPC_ObjectDetection_init)
                  00010a68    000001a4     libmmwave_xwr68xx.aer4f : mmwave_dualcore.oer4f (.text:MMWave_serializeCfg)
                  00010c0c    00000004     libosal_xwr68xx.aer4f : HwiP_tirtos.oer4f (.text:HwiP_disableInterrupt)
                  00010c10    0000019c     sysbios.aer4ft : BIOS.obj (.text:xdc_runtime_Error_policyDefault__E)
                  00010dac    00000190     libmmwavelink_xwr68xx.aer4f : rl_driver.oer4f (.text:rlDriverCmdInvoke)
                  00010f3c    0000018c     libstaticclutterproc_xwr68xx.aer4f : staticclutterproc.oer4f (.text:DPU_StaticClutterProc_process)
                  000110c8    00000188     libcfarcaproc_hwa_xwr68xx.aer4f : cfarcaprochwa.oer4f (.text:DPU_CFARCAProcHWA_process)
                  00011250    00000188     libhwa_xwr68xx.aer4f : hwa.oer4f (.text:HWA_open)
                  000113d8    00000188     mmw_cli.oer4f (.text:MmwDemo_CLIConfigDataPort)
                  00011560    00000184     sysbios.aer4ft : BIOS.obj (.text:xdc_runtime_LoggerBuf_write8__E)
                  000116e4    00000180     libdpm_xwr68xx.aer4f : dpm_core.oer4f (.text:DPM_init)
                  00011864    00000180                          : dpm_msg.oer4f (.text:DPM_msgRecv)
                  000119e4    0000017c     main.oer4f (.text:main)
                  00011b60    00000170     libgpio_xwr68xx.aer4f : gpio.oer4f (.text:GPIO_setConfig)
                  00011cd0    0000016c     sysbios.aer4ft : BIOS.obj (.text:ti_sysbios_knl_Semaphore_post__E)
                  00011e3c    0000016a     libaoa2dproc_hwa_xwr68xx.aer4f : aoa2dprochwa.oer4f (.text:AoAProcHWA_config_azimuthHeatMap_EDMA)
                  00011fa6    0000000a     libadcbuf_xwr68xx.aer4f : ADCBuf.oer4f (.text:ADCBuf_getChanBufAddr)
                  00011fb0    00000168     sysbios.aer4ft : BIOS.obj (.text:ti_sysbios_family_arm_exc_Exception_excHandler__I)
                  00012118    00000164     mmw_lvds_stream.oer4f (.text:MmwDemo_LVDSStreamInit)
                  0001227c    00000164     mmw_lvds_stream.oer4f (.text:MmwDemo_LVDSStreamSwConfig)
                  000123e0    00000164     rtsv7R4_T_le_v3D16_eabi.lib : strtoull.obj (.text)
                  00012544    00000160     libqspi_xwr68xx.aer4f : qspi.oer4f (.text:QSPI_open)
                  000126a4    0000000c     libmmwave_xwr68xx.aer4f : mmwave_dualcore.oer4f (.text:MMWave_deviceMailboxCallbackFxn)
                  000126b0    00000160     sysbios.aer4ft : BIOS.obj (.text:ti_sysbios_family_arm_v7r_vim_Hwi_reconfig__E)
                  00012810    00000158                    : BIOS.obj (.text:ti_sysbios_knl_Task_postInit__I)
                  00012968    0000014c     libcli_xwr68xx.aer4f : cli_mmwave.oer4f (.text:CLI_MMWaveFrameCfg)
                  00012ab4    0000014c                          : cli.oer4f (.text:CLI_task)
                  00012c00    0000014c     libmmwave_xwr68xx.aer4f : mmwave_link.oer4f (.text:MMWave_initMMWaveLink)
                  00012d4c    0000014c     main.oer4f (.text:MmwDemo_startSensor)
                  00012e98    0000014a     libuart_xwr68xx.aer4f : uartsci.oer4f (.text:UartSci_ISR)
                  00012fe2    00000148     libstaticclutterproc_xwr68xx.aer4f : staticclutterproc.oer4f (.text:DPU_StaticClutterProc_configEdma)
                  0001312a    00000002     --HOLE-- [fill = 0]
                  0001312c    00000148     libhsiheader_xwr68xx.aer4f : hsiheader.oer4f (.text:HSIHeader_init)
                  00013274    00000148     libmmwavelink_xwr68xx.aer4f : rl_driver.oer4f (.text:rlDriverCmdSendRetry)
                  000133bc    00000146     mmw_cli.oer4f (.text:MmwDemo_CLICalibDcRangeSig)
                  00013502    00000002     --HOLE-- [fill = 0]
                  00013504    00000144     objectdetection.oer4f (.text:DPC_ObjDet_dopplerConfig)
                  00013648    00000008     objectdetection.oer4f (.text:DPC_ObjDet_MemPoolReset)
                  00013650    00000140     sysbios.aer4ft : BIOS.obj (.text:ti_sysbios_heaps_HeapMem_Instance_init__E)
                  00013790    00000140                    : BIOS.obj (.text:xdc_runtime_Core_createObject__I)
                  000138d0    0000013c     mmw_lvds_stream.oer4f (.text:MmwDemo_LVDSStreamDeleteHwSession)
                  00013a0c    00000004     libosal_xwr68xx.aer4f : HwiP_tirtos.oer4f (.text:HwiP_enableInterrupt)
                  00013a10    0000013c     sysbios.aer4ft : BIOS.obj (.text:ti_sysbios_knl_Clock_workFunc__E)
                  00013b4c    00000134     libadcbuf_xwr68xx.aer4f : adcbuf_mmwave.oer4f (.text:ADCBUF_MMWave_open)
                  00013c80    00000134     libcfarcaproc_hwa_xwr68xx.aer4f : cfarcaprochwa.oer4f (.text:CFARHWA_cfarRange_AND_cfarDoppler)
                  00013db4    00000134                                     : cfarcaprochwa.oer4f (.text:DPU_CFARCAProcHWA_config)
                  00013ee8    00000008     libdopplerproc_hwa_xwr68xx.aer4f : dopplerprochwa.oer4f (.text:DPU_DopplerProcHWA_edmaDoneIsrCallback)
                  00013ef0    00000134     sysbios.aer4ft : BIOS.obj (.text:xdc_runtime_Startup_startMods__I)
                  00014024    00000130     libaoa2dproc_hwa_xwr68xx.aer4f : aoa2dprochwa.oer4f (.text:AoAProcHWA_PrepareRangeAzimuthHeatmap)
                  00014154    00000130     mmw_lvds_stream.oer4f (.text:MmwDemo_LVDSStreamDeleteSwSession)
                  00014284    00000130     main.oer4f (.text:MmwDemo_transferLVDSUserData)
                  000143b4    00000130     rtsv7R4_T_le_v3D16_eabi.lib : strtol.obj (.text)
                  000144e4    0000012c     libcfarcaproc_hwa_xwr68xx.aer4f : cfarcaprochwa.oer4f (.text:HWAutil_configCFAR)
                  00014610    0000012c     librangeproc_hwa_xwr68xx.aer4f : rangeprochwa.oer4f (.text:rangeProcHWA_ConfigEDMADummyThreeLinks)
                  0001473c    0000012a     libaoa2dproc_hwa_xwr68xx.aer4f : aoa2dprochwa.oer4f (.text:AoAProc_configLUT)
                  00014866    00000002     --HOLE-- [fill = 0]
                  00014868    00000128     main.oer4f (.text:MmwDemo_MMWave_stop)
                  00014990    00000128     libmathutils.aer4f : mathutils.oer4f (.text:mathUtils_genWindow)
                  00014ab8    00000008     libdopplerproc_hwa_xwr68xx.aer4f : dopplerprochwa.oer4f (.text:DPU_DopplerProcHWA_hwaDoneIsrCallback)
                  00014ac0    00000128     sysbios.aer4ft : BIOS.obj (.text:ti_sysbios_utils_Load_updateThreadContexts__E)
                  00014be8    00000124     libcli_xwr68xx.aer4f : cli_mmwave.oer4f (.text:CLI_MMWaveAdvFrameCfg)
                  00014d0c    00000124                          : cli_mmwave.oer4f (.text:CLI_MMWaveContModeCfg)
                  00014e30    00000124     objectdetection.oer4f (.text:DPC_ObjDet_CFARCAconfig)
                  00014f54    00000124     libedma_xwr68xx.aer4f : edma.oer4f (.text:EDMA_init)
                  00015078    00000124     data_path.oer4f (.text:MmwDemo_edmaOpen)
                  0001519c    00000124     main.oer4f (.text:MmwDemo_stopSensor)
                  000152c0    00000120     sysbios.aer4ft : BIOS.obj (.text:xdc_runtime_LoggerBuf_write4__E)
                  000153e0    0000011c     mmw_cli.oer4f (.text:MmwDemo_CLILvdsStreamCfg)
                  000154fc    00000118     libedma_xwr68xx.aer4f : edma.oer4f (.text:EDMA_transferComplete_isr)
                  00015614    0000000c     libmmwave_xwr68xx.aer4f : mmwave_osal.oer4f (.text:MMWave_osalMutexUnlock)
                  00015620    00000118     sysbios.aer4ft : BIOS.obj (.text:ti_sysbios_family_arm_v7r_vim_Hwi_Instance_init__E)
                  00015738    00000114     libedma_xwr68xx.aer4f : edma.oer4f (.text:EDMA_configErrorMonitoring)
                  0001584c    00000114     main.oer4f (.text:MmwDemo_dataPathStart)
                  00015960    00000110     main.oer4f (.text:MmwDemo_calibInit)
                  00015a70    00000110     rtsv7R4_T_le_v3D16_eabi.lib : strtoul.obj (.text)
                  00015b80    0000010c     libdpedma_hwa_xwr68xx.aer4f : dpedma.oer4f (.text:DPEDMA_configSyncAB)
                  00015c8c    0000010c     libdpm_xwr68xx.aer4f : dpm_msg.oer4f (.text:DPM_msgResultHandler)
                  00015d98    0000010c     libmmwave_xwr68xx.aer4f : mmwave_link.oer4f (.text:MMWave_asyncEventHandler)
                  00015ea4    0000010c                             : mmwave_dualcore.oer4f (.text:MMWave_deviceInitFxn)
                  00015fb0    0000010c     sysbios.aer4ft : BIOS.obj (.text:ti_sysbios_knl_Task_schedule__I)
                  000160bc    00000004     libmmwave_xwr68xx.aer4f : mmwave_link.oer4f (.text:MMWave_disableDevice)
                  000160c0    0000010c     sysbios.aer4ft : BIOS.obj (.text:xdc_runtime_Core_constructObject__I)
                  000161cc    00000108     libdma_xwr68xx.aer4f : dma.oer4f (.text:DMA_disableInterrupt)
                  000162d4    00000108     libmailbox_xwr68xx.aer4f : mailbox.oer4f (.text:Mailbox_write)
                  000163dc    00000108     mmw_cli.oer4f (.text:MmwDemo_CLICfarCfg)
                  000164e4    00000104     libcbuff_xwr68xx.aer4f : cbuff.oer4f (.text:CBUFF_deinit)
                  000165e8    00000104     libdpedma_hwa_xwr68xx.aer4f : dpedma.oer4f (.text:DPEDMA_configSyncA_singleFrame)
                  000166ec    00000104     libmmwave_xwr68xx.aer4f : mmwave_link.oer4f (.text:MMWave_startLink)
                  000167f0    00000104     mmw_cli.oer4f (.text:MmwDemo_CLIChirpQualityRxSatMonCfg)
                  000168f4    00000104     mmw_cli.oer4f (.text:MmwDemo_CLICompRangeBiasAndRxChanPhaseCfg)
                  000169f8    00000008     libosal_xwr68xx.aer4f : HwiP_tirtos.oer4f (.text:HwiP_disable)
                  00016a00    00000104     sysbios.aer4ft : BIOS.obj (.text:ti_sysbios_timers_rti_Timer_getFreq__E)
                  00016b04    00000100     libcli_xwr68xx.aer4f : cli_mmwave.oer4f (.text:CLI_MMWaveBPMCfgAdvanced)
                  00016c04    00000100     libdma_xwr68xx.aer4f : dma.oer4f (.text:DMA_clearChannelInterruptFlag)
                  00016d04    00000100     libmmwavelink_xwr68xx.aer4f : rl_driver.oer4f (.text:rlDriverInit)
                  00016e04    000000fc     libcbuff_xwr68xx.aer4f : cbuff.oer4f (.text:CBUFF_deleteSession)
                  00016f00    000000fc     libcrc_xwr68xx.aer4f : crc.oer4f (.text:CRC_computeSignature)
                  00016ffc    000000fc     mmw_cli.oer4f (.text:MmwDemo_CLIADCBufCfg)
                  000170f8    00000008     libmmwave_xwr68xx.aer4f : mmwave.oer4f (.text:MMWave_decodeErrorLevel)
                  00017100    000000fc     sysbios.aer4ft : BIOS.obj (.text:ti_sysbios_knl_Task_exit__E)
                  000171fc    000000f8     mmw_lvds_stream.oer4f (.text:MmwDemo_configLVDSHwData)
                  000172f4    000000f8     libmmwavelink_xwr68xx.aer4f : rl_driver.oer4f (.text:rlDriverRdVerifyMsg)
                  000173ec    000000f8     mmw_per4ft.oer4ft (.text:xdc_runtime_System_printfExtend__I)
                  000174e4    000000f4     mmw_cli.oer4f (.text:MmwDemo_CLICalibDataSaveRestore)
                  000175d8    00000008     libmmwave_xwr68xx.aer4f : mmwave_link.oer4f (.text:MMWave_mboxCallbackFxn)
                  000175e0    000000f0     sysbios.aer4ft : BIOS.obj (.text:ti_sysbios_family_arm_v7r_vim_Hwi_Module_startup__E)
                  000176d0    000000f0                    : BIOS.obj (.text:ti_sysbios_knl_Task_startCore__E)
                  000177c0    000000f0                    : BIOS.obj (.text:ti_sysbios_utils_Load_taskCreateHook__E)
                  000178b0    000000ec     libaoa2dproc_hwa_xwr68xx.aer4f : aoa2dprochwa.oer4f (.text:DPU_AoAProcHWA_init)
                  0001799c    000000ec     rtsv7R4_T_le_v3D16_eabi.lib : s_scalbn.obj (.text)
                  00017a88    00000008     libosal_xwr68xx.aer4f : MemoryP_tirtos.oer4f (.text:MemoryP_getStats)
                  00017a90    000000ec     sysbios.aer4ft : BIOS.obj (.text:ti_sysbios_heaps_HeapBuf_Module_startup__E)
                  00017b7c    000000ea     libdpedma_hwa_xwr68xx.aer4f : dpedmahwa.oer4f (.text:DPEDMAHWA_configTwoHotSignature)
                  00017c66    00000002     --HOLE-- [fill = 0]
                  00017c68    000000e8     libdopplerproc_hwa_xwr68xx.aer4f : dopplerprochwa.oer4f (.text:DPU_DopplerProcHWA_process)
                  00017d50    000000e8     mmw_cli.oer4f (.text:MmwDemo_CLIChirpQualitySigImgMonCfg)
                  00017e38    000000e8     libmmwavelink_xwr68xx.aer4f : rl_sensor.oer4f (.text:rlRfCalibDataStore)
                  00017f20    000000e8                                 : rl_sensor.oer4f (.text:rlRfPhShiftCalibDataStore)
                  00018008    000000e6     main.oer4f (.text:MmwDemo_setSubFramePendingState)
                  000180ee    00000002     --HOLE-- [fill = 0]
                  000180f0    000000e4     libmmwavelink_xwr68xx.aer4f : rl_sensor.oer4f (.text:rlRfPhShiftCalibDataRestore)
                  000181d4    000000e0     libcli_xwr68xx.aer4f : cli.oer4f (.text:CLI_open)
                  000182b4    000000e0     libdma_xwr68xx.aer4f : dma.oer4f (.text:DMA_enableInterrupt)
                  00018394    000000e0     libcfarcaproc_hwa_xwr68xx.aer4f : cfarcaprochwa.oer4f (.text:DPU_CFARCAProcHWA_control)
                  00018474    000000e0     rtsv7R4_T_le_v3D16_eabi.lib : s_floor.obj (.text)
                  00018554    000000dc     libmmwave_xwr68xx.aer4f : mmwave.oer4f (.text:MMWave_init)
                  00018630    000000dc     main.oer4f (.text:MmwDemo_platformInit)
                  0001870c    000000dc     libmmwavelink_xwr68xx.aer4f : rl_driver.oer4f (.text:rlDriverMsgCmdReply)
                  000187e8    000000dc     rtsv7R4_T_le_v3D16_eabi.lib : setvbuf.obj (.text)
                  000188c4    000000d4     libdopplerproc_hwa_xwr68xx.aer4f : dopplerprochwa.oer4f (.text:DPU_DopplerProcHWA_init)
                  00018998    000000d4     libmailbox_xwr68xx.aer4f : mailbox.oer4f (.text:Mailbox_read)
                  00018a6c    000000d4     librangeproc_hwa_xwr68xx.aer4f : rangeprochwa.oer4f (.text:rangeProcHWA_ConfigEDMA_DataIn)
                  00018b40    000000d4     libmmwavelink_xwr68xx.aer4f : rl_sensor.oer4f (.text:rlSetMultiBpmChirpConfig)
                  00018c14    0000000c     libmmwave_xwr68xx.aer4f : mmwave_osal.oer4f (.text:MMWave_osalSemSignal)
                  00018c20    000000d4     sysbios.aer4ft : BIOS.obj (.text:ti_sysbios_utils_Load_logLoads__I)
                  00018cf4    000000d1     objectdetection.oer4f (.text:DPC_ObjectDetection_frameStart)
                  00018dc5    00000003     --HOLE-- [fill = 0]
                  00018dc8    000000d0     librangeproc_hwa_xwr68xx.aer4f : rangeprochwa.oer4f (.text:DPU_RangeProcHWA_control)
                  00018e98    000000d0     libsoc_xwr68xx.aer4f : soc_xwr68xx_mss.oer4f (.text:SOC_controlSecureFirewall)
                  00018f68    000000d0     sysbios.aer4ft : exc_Exception_asm.obj (.text:ti_sysbios_family_arm_exc_Exception_excHandlerAsm__I)
                  00019038    00000008     data_path.oer4f (.text:MmwDemo_dataPathObjInit)
                  00019040    000000d0     sysbios.aer4ft : BIOS.obj (.text:ti_sysbios_utils_Load_idleFxn__E)
                  00019110    000000d0                    : BIOS.obj (.text:xdc_runtime_LoggerBuf_Instance_init__E)
                  000191e0    000000cc     objectdetection.oer4f (.text:DPC_ObjDet_staticClutterConfig)
                  000192ac    000000cc     libhwa_xwr68xx.aer4f : hwa.oer4f (.text:HWA_enableParamSetInterrupt)
                  00019378    000000cc     libmmwavelink_xwr68xx.aer4f : rl_sensor.oer4f (.text:rlRfCalibDataRestore)
                  00019444    000000cc                                 : rl_sensor.oer4f (.text:rlSetChirpConfig)
                  00019510    000000cc     rtsv7R4_T_le_v3D16_eabi.lib : fflush.obj (.text)
                  000195dc    000000cc                                 : sscanf.obj (.text)
                  000196a8    00000008     libosal_xwr68xx.aer4f : SemaphoreP_tirtos.oer4f (.text:SemaphoreP_Params_init)
                  000196b0    000000cc     sysbios.aer4ft : BIOS.obj (.text:ti_sysbios_knl_Task_checkStacks__E)
                  0001977c    000000ca     libdpedma_hwa_xwr68xx.aer4f : dpedmahwa.oer4f (.text:DPEDMAHWA_configOneHotSignature)
                  00019846    00000002     --HOLE-- [fill = 0]
                  00019848    000000c8     libmmwave_xwr68xx.aer4f : mmwave_fullcfg.oer4f (.text:MMWave_addChirp)
                  00019910    000000c8                             : mmwave_link.oer4f (.text:MMWave_configBPM)
                  000199d8    000000c8                             : mmwave_fullcfg.oer4f (.text:MMWave_flushCfg)
                  00019aa0    000000c8                             : mmwave_fullcfg.oer4f (.text:MMWave_getChirpHandle)
                  00019b68    000000c8     libsoc_xwr68xx.aer4f : soc_xwr68xx.oer4f (.text:SOC_ungateClock)
                  00019c30    000000c8     libmmwavelink_xwr68xx.aer4f : rl_sensor.oer4f (.text:rlSetFrameConfig)
                  00019cf8    000000c4     libaoa2dproc_hwa_xwr68xx.aer4f : aoa2dprochwa.oer4f (.text:AoAProcHWA_SelectMaxPeaks)
                  00019dbc    000000c4     libcbuff_xwr68xx.aer4f : cbuff_transfer.oer4f (.text:CBUFF_setupNonInterleaved_CP_ADC_CQ)
                  00019e80    000000c4     libdpm_xwr68xx.aer4f : dpm_core.oer4f (.text:DPM_deinit)
                  00019f44    000000c4                          : dpm_core.oer4f (.text:DPM_ioctl)
                  0001a008    00000008     librangeproc_hwa_xwr68xx.aer4f : rangeprochwa.oer4f (.text:rangeProcHWADoneIsrCallback)
                  0001a010    000000c4     sysbios.aer4ft : BIOS.obj (.text:ti_sysbios_family_arm_v7a_Pmu_configureCounter__E)
                  0001a0d4    000000c0     objectdetection.oer4f (.text:DPC_ObjectDetection_start)
                  0001a194    000000c0     librangeproc_hwa_xwr68xx.aer4f : rangeprochwa.oer4f (.text:DPU_RangeProcHWA_init)
                  0001a254    000000c0     mmw_cli.oer4f (.text:MmwDemo_CLIAnalogMonitorCfg)
                  0001a314    000000c0     libmmwavelink_xwr68xx.aer4f : rl_driver.oer4f (.text:rlDriverMsgWrite)
                  0001a3d4    0000000c     libuart_xwr68xx.aer4f : UART.oer4f (.text:UART_Params_init)
                  0001a3e0    000000c0     sysbios.aer4ft : BIOS.obj (.text:ti_sysbios_timers_rti_Timer_startup__E)
                  0001a4a0    000000bc     libcli_xwr68xx.aer4f : cli.oer4f (.text:CLI_help)
                  0001a55c    000000bc     libgpio_xwr68xx.aer4f : gpio.oer4f (.text:GPIO_write)
                  0001a618    000000bc     libmmwave_xwr68xx.aer4f : mmwave_link.oer4f (.text:MMWave_computeCRC)
                  0001a6d4    000000bc     mmw_lvds_stream.oer4f (.text:MmwDemo_LVDSStream_EDMAInit)
                  0001a790    000000bc     rtsv7R4_T_le_v3D16_eabi.lib : open.obj (.text)
                  0001a84c    000000b8     libcbuff_xwr68xx.aer4f : cbuff.oer4f (.text:CBUFF_ISR)
                  0001a904    000000b8                            : cbuff_transfer.oer4f (.text:CBUFF_setupTransfer)
                  0001a9bc    000000b8     libdma_xwr68xx.aer4f : dma.oer4f (.text:DMA_getChannelInterruptFlag)
                  0001aa74    000000b8     rtsv7R4_T_le_v3D16_eabi.lib : k_cos.obj (.text)
                  0001ab2c    000000b6     libsoc_xwr68xx.aer4f : soc_mpu.o (.text)
                  0001abe2    00000002     --HOLE-- [fill = 0]
                  0001abe4    000000b4     libedma_xwr68xx.aer4f : edma.oer4f (.text:EDMA_startTransfer)
                  0001ac98    00000008     libmmwavelink_xwr68xx.aer4f : rl_driver.oer4f (.text:rlDriverConstructOutMsg)
                  0001aca0    000000b4     sysbios.aer4ft : BIOS.obj (.text:ti_sysbios_gates_GateMutex_enter__E)
                  0001ad54    0000000c     libuart_xwr68xx.aer4f : uartsci_dma.oer4f (.text:UartSci_isDMAEnabled)
                  0001ad60    000000b4     sysbios.aer4ft : BIOS.obj (.text:xdc_runtime_LoggerBuf_setFilterLevel__E)
                  0001ae14    000000b2     libuart_xwr68xx.aer4f : uartsci_dma.oer4f (.text:UartSci_openDMA)
                  0001aec6    00000002     --HOLE-- [fill = 0]
                  0001aec8    000000b0     libcbuff_xwr68xx.aer4f : cbuff.oer4f (.text:CBUFF_deactivateSession)
                  0001af78    000000b0     libmmwave_xwr68xx.aer4f : mmwave_fullcfg.oer4f (.text:MMWave_addProfile)
                  0001b028    000000b0     libmmwavelink_xwr68xx.aer4f : rl_sensor.oer4f (.text:rlSetProfileConfig)
                  0001b0d8    00000008                                 : rl_driver.oer4f (.text:rlDriverGetHandle)
                  0001b0e0    000000b0     sysbios.aer4ft : BIOS.obj (.text:ti_sysbios_utils_Load_updateLoads__E)
                  0001b190    000000b0                    : BIOS.obj (.text:xdc_runtime_Text_putMod__E)
                  0001b240    000000ae     mmwdemo_adcconfig.oer4f (.text:MmwDemo_ADCBufConfig)
                  0001b2ee    000000ae     rtsv7R4_T_le_v3D16_eabi.lib : _io_perm.obj (.text)
                  0001b39c    000000ac     libaoa2dproc_hwa_xwr68xx.aer4f : aoa2dprochwa.oer4f (.text:AoAProcHWA_ConvertFov)
                  0001b448    000000ac                                    : aoa2dprochwa.oer4f (.text:AoAProcHWA_rxChanPhaseBiasCompensation)
                  0001b4f4    000000ac     libesm_xwr68xx.aer4f : esm.oer4f (.text:ESM_processInterrupt)
                  0001b5a0    000000ac     main.oer4f (.text:MmwDemo_isAllCfgInPendingState)
                  0001b64c    000000ac     main.oer4f (.text:MmwDemo_measurementResultOutput)
                  0001b6f8    00000008     sysbios.aer4ft : BIOS.obj (.text:ti_sysbios_family_arm_v7a_Pmu_getEnabled__E)
                  0001b700    000000ac                    : BIOS.obj (.text:ti_sysbios_knl_Task_Module_startup__E)
                  0001b7ac    00000004     libmmwave_xwr68xx.aer4f : mmwave_link.oer4f (.text:MMWave_enableDevice)
                  0001b7b0    000000ac     sysbios.aer4ft : BIOS.obj (.text:ti_sysbios_utils_Load_startup__E)
                  0001b85c    000000a8     libadcbuf_xwr68xx.aer4f : adcbuf_mmwave.oer4f (.text:ADCBUF_MMWave_getChanBufAddr)
                  0001b904    000000a8     libcli_xwr68xx.aer4f : cli_mmwave.oer4f (.text:CLI_MMWaveExtensionHelp)
                  0001b9ac    000000a8     libedma_xwr68xx.aer4f : edma_low_level.oer4f (.text:EDMA3Init)
                  0001ba54    000000a8     libmmwave_xwr68xx.aer4f : mmwave_link.oer4f (.text:MMWave_configureProfileChirp)
                  0001bafc    000000a8                             : mmwave_fullcfg.oer4f (.text:MMWave_getBpmChirpHandle)
                  0001bba4    000000a8     libpinmux_xwr68xx.aer4f : pinmux.oer4f (.text:Pinmux_Set_OverrideCtrl)
                  0001bc4c    000000a8     libsoc_xwr68xx.aer4f : soc.oer4f (.text:SOC_deregisterSysIntListener)
                  0001bcf4    000000a8     libmmwavelink_xwr68xx.aer4f : rl_driver.oer4f (.text:rlDriverWaitForResponse)
                  0001bd9c    000000a8                                 : rl_sensor.oer4f (.text:rlSetAdvFrameConfig)
                  0001be44    000000a4     libdma_xwr68xx.aer4f : dma.oer4f (.text:DMA_assignChannel)
                  0001bee8    000000a4     libesm_xwr68xx.aer4f : esm.oer4f (.text:ESM_init)
                  0001bf8c    000000a4     libmmwave_xwr68xx.aer4f : mmwave_fullcfg.oer4f (.text:MMWave_addBpmChirp)
                  0001c030    000000a4                             : mmwave.oer4f (.text:MMWave_start)
                  0001c0d4    000000a4     libqspiflash_xwr68xx.aer4f : qspiflash.oer4f (.text:QSPIFlash_mmapWrite)
                  0001c178    000000a4     libsoc_xwr68xx.aer4f : soc_xwr68xx_mss.oer4f (.text:SOC_unhaltDSS)
                  0001c21c    000000a4     rtsv7R4_T_le_v3D16_eabi.lib : k_sin.obj (.text)
                  0001c2c0    000000a3     data_path.oer4f (.text:MmwDemo_edmaInit)
                  0001c363    00000001     --HOLE-- [fill = 0]
                  0001c364    0000000c     sysbios.aer4ft : arm_IntrinsicsSupport_asm.obj (.text:_ti_sysbios_family_arm_IntrinsicsSupport_maxbitA)
                  0001c370    000000a2                    : BIOS.obj (.text:xdc_runtime_Text_putSite__E)
                  0001c412    00000002     --HOLE-- [fill = 0]
                  0001c414    000000a0     libqspiflash_xwr68xx.aer4f : qspiflash.oer4f (.text:QSPIFlash_configMmapRead)
                  0001c4b4    000000a0                                : qspiflash_device_macronix.oer4f (.text:QSPIFlash_macronix_progQuadRead)
                  0001c554    000000a0     libsoc_xwr68xx.aer4f : soc.oer4f (.text:SOC_registerSysIntListener)
                  0001c5f4    000000a0     auto_init.aer4ft : auto_init.oer4ft (.text)
                  0001c694    0000000c     rtsv7R4_T_le_v3D16_eabi.lib : copy_zero_init.obj (.text:decompress:ZI)
                  0001c6a0    000000a0     sysbios.aer4ft : BIOS.obj (.text:ti_sysbios_knl_Task_blockI__E)
                  0001c740    0000009c     libmmwave_xwr68xx.aer4f : mmwave_link.oer4f (.text:MMWave_configLink)
                  0001c7dc    0000009c                             : mmwave_fullcfg.oer4f (.text:MMWave_getProfileHandle)
                  0001c878    0000009c     mmw_cli.oer4f (.text:MmwDemo_CLIMeasureRangeBiasAndRxChanPhaseCfg)
                  0001c914    0000009c     libqspiflash_xwr68xx.aer4f : qspiflash_device_spansion.oer4f (.text:QSPIFlash_spansion_progQuadRead)
                  0001c9b0    0000009c     libuart_xwr68xx.aer4f : uartsci.oer4f (.text:UartSci_write)
                  0001ca4c    0000009c     rtsv7R4_T_le_v3D16_eabi.lib : memcpy_t2.obj (.text)
                  0001cae8    00000008     mmw_per4ft.oer4ft (.text:xdc_runtime_Text_visitRope__I)
                  0001caf0    0000009c     sysbios.aer4ft : BIOS.obj (.text:ti_sysbios_family_arm_v7r_vim_Hwi_initIntController__I)
                  0001cb8c    00000004     libmmwave_xwr68xx.aer4f : mmwave_listlib.oer4f (.text:MMWave_listGetHead)
                  0001cb90    0000009c     sysbios.aer4ft : BIOS.obj (.text:ti_sysbios_family_arm_v7r_vim_Hwi_mapChannel__I)
                  0001cc2c    00000004     libmmwave_xwr68xx.aer4f : mmwave_listlib.oer4f (.text:MMWave_listGetNext)
                  0001cc30    0000009c     sysbios.aer4ft : BIOS.obj (.text:ti_sysbios_knl_Semaphore_Instance_init__E)
                  0001cccc    0000009a     libdpm_xwr68xx.aer4f : dpm_msg.oer4f (.text:DPM_msgResponseHandler)
                  0001cd66    00000002     --HOLE-- [fill = 0]
                  0001cd68    00000098     libaoa2dproc_hwa_xwr68xx.aer4f : aoa2dprochwa.oer4f (.text:DPU_AoAProcHWA_control)
                  0001ce00    00000098     libedma_xwr68xx.aer4f : edma.oer4f (.text:EDMA_configParamSet)
                  0001ce98    00000098     libmmwave_xwr68xx.aer4f : mmwave_fullcfg.oer4f (.text:MMWave_getChirpCfg)
                  0001cf30    00000098     mmwdemo_rfparser.oer4f (.text:MmwDemo_RFParser_parseConfig)
                  0001cfc8    00000098     main.oer4f (.text:MmwDemo_isAllCfgInNonPendingState)
                  0001d060    00000098     rtsv7R4_T_le_v3D16_eabi.lib : fclose.obj (.text)
                  0001d0f8    00000098                                 : fputc.obj (.text)
                  0001d190    00000098     sysbios.aer4ft : vim_Hwi_asm_switch.obj (.text)
                  0001d228    00000006     libosal_xwr68xx.aer4f : CycleprofilerP_tirtos.oer4f (.text:CycleprofilerP_getTimeStamp)
                  0001d22e    00000002     --HOLE-- [fill = 0]
                  0001d230    00000098     sysbios.aer4ft : BIOS.obj (.text:ti_sysbios_utils_Load_taskDeleteHook__E)
                  0001d2c8    00000096     libedma_xwr68xx.aer4f : edma.oer4f (.text:EDMA_getErrorStatusInfo)
                  0001d35e    00000096     libhwa_xwr68xx.aer4f : hwa.oer4f (.text:HWA_configRam)
                  0001d3f4    00000096     libuart_xwr68xx.aer4f : uartsci.oer4f (.text:UartSci_readChar)
                  0001d48a    00000094     libcbuff_xwr68xx.aer4f : cbuff_transfer.oer4f (.text:CBUFF_setupNonInterleaved_ADC)
                  0001d51e    00000002     --HOLE-- [fill = 0]
                  0001d520    00000094     mmw_lvds_stream.oer4f (.text:MmwDemo_LVDSStream_EDMAAllocateCBUFFHwChannel)
                  0001d5b4    00000094     mmw_lvds_stream.oer4f (.text:MmwDemo_LVDSStream_EDMAAllocateCBUFFSwChannel)
                  0001d648    00000094     libsoc_xwr68xx.aer4f : soc_xwr68xx.oer4f (.text:SOC_gateClock)
                  0001d6dc    00000094     libmmwavelink_xwr68xx.aer4f : rl_driver.oer4f (.text:rlDriverDeInit)
                  0001d770    00000094                                 : rl_driver.oer4f (.text:rlDriverMsgReadCmdCtx)
                  0001d804    00000094                                 : rl_driver.oer4f (.text:rlDriverProcRdMsg)
                  0001d898    00000094     sysbios.aer4ft : vim_Hwi_asm.obj (.text:ti_sysbios_family_arm_v7r_vim_Hwi_dispatchIRQ__I)
                  0001d92c    00000090     libgpio_xwr68xx.aer4f : gpio.oer4f (.text:GPIO_init)
                  0001d9bc    00000090     libmailbox_xwr68xx.aer4f : mailbox.oer4f (.text:Mailbox_close)
                  0001da4c    00000090     libuart_xwr68xx.aer4f : uartsci_dma.oer4f (.text:UartSci_initiateTxDMA)
                  0001dadc    00000090                           : uartsci.oer4f (.text:UartSci_read)
                  0001db6c    00000004     libmmwave_xwr68xx.aer4f : mmwave_link.oer4f (.text:MMWave_mboxClose)
                  0001db70    00000090     sysbios.aer4ft : BIOS.obj (.text:ti_sysbios_family_arm_v7a_Pmu_startCounter__E)
                  0001dc00    00000090                    : BIOS.obj (.text:ti_sysbios_knl_Task_unblockI__E)
                  0001dc90    00000090                    : BIOS.obj (.text:xdc_runtime_LoggerBuf_getFilterLevel__E)
                  0001dd20    0000008c     libcli_xwr68xx.aer4f : cli_mmwave.oer4f (.text:CLI_MMWaveDataOutputMode)
                  0001ddac    0000008c     libsoc_xwr68xx.aer4f : soc.oer4f (.text:SOC_init)
                  0001de38    0000008c                          : soc_xwr68xx.oer4f (.text:SOC_translateAddress)
                  0001dec4    0000008c     libuart_xwr68xx.aer4f : uartsci_dma.oer4f (.text:UartSci_initiateRxDMA)
                  0001df50    0000008c     libmmwavelink_xwr68xx.aer4f : rl_device.oer4f (.text:rlDevicePowerOn)
                  0001dfdc    0000008c                                 : rl_driver.oer4f (.text:rlDriverMsgReadSpawnCtx)
                  0001e068    00000006     libdpm_xwr68xx.aer4f : dpm_mailbox.oer4f (.text:DPM_mboxSynch)
                  0001e06e    00000002     --HOLE-- [fill = 0]
                  0001e070    0000008c     sysbios.aer4ft : BIOS.obj (.text:ti_sysbios_family_arm_v7a_Pmu_getCount__E)
                  0001e0fc    00000004     libmmwave_xwr68xx.aer4f : mmwave_link.oer4f (.text:MMWave_mboxRead)
                  0001e100    0000008c     sysbios.aer4ft : BIOS.obj (.text:ti_sysbios_family_arm_v7r_vim_Hwi_Instance_finalize__E)
                  0001e18c    00000004     libmmwave_xwr68xx.aer4f : mmwave_link.oer4f (.text:MMWave_registerInterruptHandler)
                  0001e190    0000008c     sysbios.aer4ft : BIOS.obj (.text:xdc_runtime_Memory_alloc__E)
                  0001e21c    00000088     libhwa_xwr68xx.aer4f : hwa.oer4f (.text:HWA_disableParamSetInterrupt)
                  0001e2a4    00000088     libmmwave_xwr68xx.aer4f : mmwave_fullcfg.oer4f (.text:MMWave_getProfileCfg)
                  0001e32c    00000088     rtsv7R4_T_le_v3D16_eabi.lib : vsnprintf.obj (.text)
                  0001e3b4    00000086     libaoa2dproc_hwa_xwr68xx.aer4f : aoa2dprochwa.oer4f (.text:AoAProcHWA_cfgAndTrigger_EDMA_2DFFT)
                  0001e43a    00000002     --HOLE-- [fill = 0]
                  0001e43c    00000086     libcbuff_xwr68xx.aer4f : cbuff_edma.oer4f (.text:CBUFF_closeEDMA)
                  0001e4c2    00000002     --HOLE-- [fill = 0]
                  0001e4c4    00000084     libcfarcaproc_hwa_xwr68xx.aer4f : cfarcaprochwa.oer4f (.text:DPU_CFARCAProcHWA_init)
                  0001e548    00000084     libmmwave_xwr68xx.aer4f : mmwave_dualcore.oer4f (.text:MMWave_deviceCfgAsyncEvent)
                  0001e5cc    00000084                             : mmwave_dualcore.oer4f (.text:MMWave_deviceEventFxn)
                  0001e650    00000084                             : mmwave_fullcfg.oer4f (.text:MMWave_getNumBpmChirp)
                  0001e6d4    00000084                             : mmwave.oer4f (.text:MMWave_open)
                  0001e758    00000084     main.oer4f (.text:MmwDemo_configSensor)
                  0001e7dc    00000082     libhwa_xwr68xx.aer4f : hwa.oer4f (.text:HWA_paramDoneISR)
                  0001e85e    00000002     --HOLE-- [fill = 0]
                  0001e860    00000081     libcbuff_xwr68xx.aer4f : cbuff_edma.oer4f (.text:CBUFF_setupEDMAShadowLink)
                  0001e8e1    00000003     --HOLE-- [fill = 0]
                  0001e8e4    00000080     libcli_xwr68xx.aer4f : cli_mmwave.oer4f (.text:CLI_MMWaveChannelCfg)
                  0001e964    00000080     libdpm_xwr68xx.aer4f : dpm_mailbox.oer4f (.text:DPM_mboxRemoteMailboxCallbackFxn)
                  0001e9e4    00000080     libmmwave_xwr68xx.aer4f : mmwave_fullcfg.oer4f (.text:MMWave_getBpmChirpCfg)
                  0001ea64    00000080     mmw_cli.oer4f (.text:MmwDemo_CLIAoAFovCfg)
                  0001eae4    00000080     libsoc_xwr68xx.aer4f : soc.oer4f (.text:SOC_getDeviceRFFreqScaleFactor)
                  0001eb64    00000080     libuart_xwr68xx.aer4f : uartsci.oer4f (.text:UartSci_writePolling)
                  0001ebe4    00000080     libmmwavelink_xwr68xx.aer4f : rl_driver.oer4f (.text:rlDriverExecuteGetApi)
                  0001ec64    0000000c                                 : rl_driver.oer4f (.text:rlDriverGetPlatformId)
                  0001ec70    00000080     sysbios.aer4ft : BIOS.obj (.text:ti_sysbios_timers_rti_Timer_initDevice__I)
                  0001ecf0    0000007e     objectdetection.oer4f (.text:DPC_ObjDet_GetRxChPhaseComp)
                  0001ed6e    00000002     --HOLE-- [fill = 0]
                  0001ed70    0000007e     libosal_xwr68xx.aer4f : HwiP_tirtos.oer4f (.text:HwiP_create)
                  0001edee    00000002     --HOLE-- [fill = 0]
                  0001edf0    0000007d     libcbuff_xwr68xx.aer4f : cbuff_lvds.oer4f (.text:CBUFF_initLVDSLinkListParams)
                  0001ee6d    00000003     --HOLE-- [fill = 0]
                  0001ee70    0000007c     libdpm_xwr68xx.aer4f : dpm_pipe.oer4f (.text:DPM_pipeSend)
                  0001eeec    0000007c     libedma_xwr68xx.aer4f : edma.oer4f (.text:EDMA_clearErrors)
                  0001ef68    0000007c                           : edma.oer4f (.text:EDMA_isTransferComplete)
                  0001efe4    0000007c     libmmwave_xwr68xx.aer4f : mmwave_dualcore.oer4f (.text:MMWave_deviceOpenFxn)
                  0001f060    0000007c     libmailbox_xwr68xx.aer4f : mailbox.oer4f (.text:Mailbox_init)
                  0001f0dc    0000007c     mmw_lvds_stream.oer4f (.text:MmwDemo_LVDSStream_SwTriggerFrameDone)
                  0001f158    0000007c     libuart_xwr68xx.aer4f : uartsci.oer4f (.text:UartSci_readPolling)
                  0001f1d4    0000007c     sysbios.aer4ft : arm_TaskSupport_asm.obj (.text:_ti_sysbios_family_arm_TaskSupport_buildTaskStack)
                  0001f250    0000007c                    : BIOS.obj (.text:xdc_runtime_Core_deleteObject__I)
                  0001f2cc    0000007b     mmw_cli.oer4f (.text:MmwDemo_CLIGetSubframe)
                  0001f347    00000001     --HOLE-- [fill = 0]
                  0001f348    0000007a     rtsv7R4_T_le_v3D16_eabi.lib : memset_t2.obj (.text)
                  0001f3c2    00000002     --HOLE-- [fill = 0]
                  0001f3c4    00000078     libadcbuf_xwr68xx.aer4f : adcbuf_mmwave.oer4f (.text:ADCBUF_MMWave_getCQBufAddr)
                  0001f43c    00000078     libcbuff_xwr68xx.aer4f : cbuff_transfer.oer4f (.text:CBUFF_configUserBufferEDMA)
                  0001f4b4    00000078                            : cbuff.oer4f (.text:CBUFF_setVC)
                  0001f52c    00000078     libcli_xwr68xx.aer4f : cli_mmwave.oer4f (.text:CLI_MMWaveADCCfg)
                  0001f5a4    00000078     libmmwave_xwr68xx.aer4f : mmwave_fullcfg.oer4f (.text:MMWave_getNumChirps)
                  0001f61c    00000078     libqspiflash_xwr68xx.aer4f : qspiflash.oer4f (.text:QSPIFlash_mmapRead)
                  0001f694    00000078                                : qspiflash.oer4f (.text:QSPIFlash_sectorErase)
                  0001f70c    00000078     libqspi_xwr68xx.aer4f : qspi.oer4f (.text:QSPI_cfgRead)
                  0001f784    00000077                           : qspi.oer4f (.text:QSPI_memAccessCfg)
                  0001f7fb    00000001     --HOLE-- [fill = 0]
                  0001f7fc    00000074     objectdetection.oer4f (.text:DPC_ObjDet_reconfigSubFrame)
                  0001f870    00000074     libmmwave_xwr68xx.aer4f : mmwave.oer4f (.text:MMWave_config)
                  0001f8e4    00000074                             : mmwave_dualcore.oer4f (.text:MMWave_deviceStartFxn)
                  0001f958    00000074     boot.aer4ft : boot.oer4ft (.text)
                  0001f9cc    00000074     libmmwavelink_xwr68xx.aer4f : rl_driver.oer4f (.text:rlDriverAsyncEventHandler)
                  0001fa40    00000074     rtsv7R4_T_le_v3D16_eabi.lib : getdevice.obj (.text)
                  0001fab4    00000074                                 : s_frexp.obj (.text)
                  0001fb28    00000073     data_path.oer4f (.text:MmwDemo_hwaOpen)
                  0001fb9b    00000001     --HOLE-- [fill = 0]
                  0001fb9c    00000072     libcfarcaproc_hwa_xwr68xx.aer4f : cfarcaprochwa.oer4f (.text:CFARHWA_saveConfiguration)
                  0001fc0e    00000072     libmmwavelink_xwr68xx.aer4f : rl_driver.oer4f (.text:rlDriverClientCbCheck)
                  0001fc80    00000070     libhsiheader_xwr68xx.aer4f : hsiheader.oer4f (.text:HSIHeader_deleteHeader)
                  0001fcf0    00000070     libhwa_xwr68xx.aer4f : hwa.oer4f (.text:HWA_getDriverAccess)
                  0001fd60    00000070     libmmwave_xwr68xx.aer4f : mmwave_dualcore.oer4f (.text:MMWave_deviceCfgFxn)
                  0001fdd0    00000070     mmw_cli.oer4f (.text:MmwDemo_CLIGuiMonSel)
                  0001fe40    00000070     mmwdemo_flash.oer4f (.text:mmwDemo_flashInit)
                  0001feb0    00000070     sysbios.aer4ft : BIOS.obj (.text:xdc_runtime_Error_print__E)
                  0001ff20    0000006f     objectdetection.oer4f (.text:DPC_ObjectDetection_stop)
                  0001ff8f    00000001     --HOLE-- [fill = 0]
                  0001ff90    0000006e     libcfarcaproc_hwa_xwr68xx.aer4f : cfarcaprochwa.oer4f (.text:CFARCAHWA_config_EDMA)
                  0001fffe    00000002     --HOLE-- [fill = 0]
                  00020000    0000006c     libdma_xwr68xx.aer4f : dma.oer4f (.text:DMA_disableChannel)
                  0002006c    0000006c                          : dma.oer4f (.text:DMA_enableChannel)
                  000200d8    0000006c     libmmwave_xwr68xx.aer4f : mmwave_link.oer4f (.text:MMWave_spawn)
                  00020144    0000006c                             : mmwave_link.oer4f (.text:MMWave_stopLink)
                  000201b0    0000006c     mmw_lvds_stream.oer4f (.text:MmwDemo_LVDSStream_EDMAFreeCBUFFHwChannel)
                  0002021c    0000006c     mmw_lvds_stream.oer4f (.text:MmwDemo_LVDSStream_EDMAFreeCBUFFSwChannel)
                  00020288    0000006c     mmw_lvds_stream.oer4f (.text:MmwDemo_LVDSStream_HwTriggerFrameDone)
                  000202f4    0000006c     libpinmux_xwr68xx.aer4f : pinmux.oer4f (.text:Pinmux_Set_FuncSel)
                  00020360    0000006c     libqspiflash_xwr68xx.aer4f : qspiflash.oer4f (.text:QSPIFlashReadSFDP)
                  000203cc    0000006c     libqspi_xwr68xx.aer4f : qspi.oer4f (.text:QSPI_cfgWrite)
                  00020438    0000006c     rtsv7R4_T_le_v3D16_eabi.lib : copy_decompress_lzss.obj (.text:decompress:lzss)
                  000204a4    0000006c                                 : trgmsg.obj (.text)
                  00020510    0000006a     libuart_xwr68xx.aer4f : uartsci.oer4f (.text:UartSci_control)
                  0002057a    00000002     --HOLE-- [fill = 0]
                  0002057c    00000068     objectdetection.oer4f (.text:DPC_ObjectDetection_deinit)
                  000205e4    00000068     libdpm_xwr68xx.aer4f : dpm_msg.oer4f (.text:DPM_msgDPCCfgHandler)
                  0002064c    00000068     libmmwave_xwr68xx.aer4f : mmwave_dualcore.oer4f (.text:MMWave_deviceStopFxn)
                  000206b4    00000068     libmailbox_xwr68xx.aer4f : mailbox.oer4f (.text:Mailbox_readFlush)
                  0002071c    00000068     main.oer4f (.text:MmwDemo_convertCfarToLinear)
                  00020784    00000068     librangeproc_hwa_xwr68xx.aer4f : rangeprochwa.oer4f (.text:rangeProcHWA_ConfigEDMATranspose)
                  000207ec    00000068                                    : rangeprochwa.oer4f (.text:rangeProcHWA_ConfigHWACommon)
                  00020854    00000068     libmmwavelink_xwr68xx.aer4f : rl_driver.oer4f (.text:rlDriverExecuteSetApi)
                  000208bc    00000068                                 : rl_driver.oer4f (.text:rlDriverHostIrqHandler)
                  00020924    00000068     rtsv7R4_T_le_v3D16_eabi.lib : hostlseek.obj (.text)
                  0002098c    00000068                                 : hostrename.obj (.text)
                  000209f4    00000067     main.oer4f (.text:MmwDemo_mssSetHsiClk)
                  00020a5b    00000001     --HOLE-- [fill = 0]
                  00020a5c    00000066     libmmwavelink_xwr68xx.aer4f : rl_device.oer4f (.text:rlDevicePowerOff)
                  00020ac2    00000002     --HOLE-- [fill = 0]
                  00020ac4    00000064     libcli_xwr68xx.aer4f : cli_mmwave.oer4f (.text:CLI_MMWaveLowPowerCfg)
                  00020b28    00000064     libedma_xwr68xx.aer4f : edma.oer4f (.text:EDMA_getTransferControllerErrorStatusInfo)
                  00020b8c    00000064                           : edma.oer4f (.text:EDMA_startDmaTransfer)
                  00020bf0    00000064     libhwa_xwr68xx.aer4f : hwa.oer4f (.text:HWA_getDMAChanIndex)
                  00020c54    00000064     libosal_xwr68xx.aer4f : SemaphoreP_tirtos.oer4f (.text:SemaphoreP_create)
                  00020cb8    00000064     rtsv7R4_T_le_v3D16_eabi.lib : fseek.obj (.text)
                  00020d1c    00000064                                 : sprintf.obj (.text)
                  00020d80    00000064     sysbios.aer4ft : exc_Exception_asm.obj (.text:ti_sysbios_family_arm_exc_Exception_initCore0__I)
                  00020de4    0000000c                    : BIOS.obj (.text:ti_sysbios_family_arm_v7a_Pmu_configureCounterI__I)
                  00020df0    00000064                    : BIOS.obj (.text:ti_sysbios_family_arm_v7r_vim_Hwi_phantomIntHandler__I)
                  00020e54    0000000c                    : BIOS.obj (.text:ti_sysbios_family_arm_v7a_Pmu_getCountI__E)
                  00020e60    00000064                    : BIOS.obj (.text:ti_sysbios_knl_Clock_logTick__E)
                  00020ec4    0000000c     mmw_per4ft.oer4ft (.text:ti_sysbios_knl_Queue_Object__get__S)
                  00020ed0    00000064     sysbios.aer4ft : BIOS.obj (.text:ti_sysbios_utils_Load_logCPULoad__I)
                  00020f34    0000000a     libcbuff_xwr68xx.aer4f : cbuff_lvds.oer4f (.text:CBUFF_deinitLVDS)
                  00020f3e    00000002     --HOLE-- [fill = 0]
                  00020f40    00000064     sysbios.aer4ft : BIOS.obj (.text:xdc_runtime_Startup_exec__E)
                  00020fa4    00000062     mmw_cli.oer4f (.text:MmwDemo_CLICfarFovCfg)
                  00021006    00000002     --HOLE-- [fill = 0]
                  00021008    00000060     libcli_xwr68xx.aer4f : cli_mmwave.oer4f (.text:CLI_MMWaveExtensionHandler)
                  00021068    00000060     libosal_xwr68xx.aer4f : DebugP_tirtos.oer4f (.text:DebugP_log2)
                  000210c8    00000060                           : DebugP_tirtos.oer4f (.text:DebugP_log3)
                  00021128    00000006     libedma_xwr68xx.aer4f : edma_low_level.oer4f (.text:EDMA3ClrCCErr)
                  0002112e    00000002     --HOLE-- [fill = 0]
                  00021130    00000060     sysbios.aer4ft : BIOS.obj (.text:ti_sysbios_heaps_HeapMem_alloc__E)
                  00021190    00000060                    : BIOS.obj (.text:xdc_runtime_Assert_raise__I)
                  000211f0    0000005f                    : BIOS.obj (.text:xdc_runtime_Text_putLab__E)
                  0002124f    00000001     --HOLE-- [fill = 0]
                  00021250    0000005e     libuart_xwr68xx.aer4f : uartsci.oer4f (.text:UartSci_writeChar)
                  000212ae    00000002     --HOLE-- [fill = 0]
                  000212b0    0000005c     libcfarcaproc_hwa_xwr68xx.aer4f : cfarcaprochwa.oer4f (.text:CFARHWA_fovConvertDoppler)
                  0002130c    0000005c                                     : cfarcaprochwa.oer4f (.text:CFARHWA_prepareHwaRunTime)
                  00021368    0000005c     libmmwave_xwr68xx.aer4f : mmwave_link.oer4f (.text:MMWave_mboxOpen)
                  000213c4    0000005c                             : mmwave.oer4f (.text:MMWave_stop)
                  00021420    0000005c     libqspiflash_xwr68xx.aer4f : qspiflash.oer4f (.text:QSPIFlashGetDeviceID)
                  0002147c    0000005c     libsoc_xwr68xx.aer4f : soc.oer4f (.text:SOC_enableLVDS)
                  000214d8    0000005c     rtsv7R4_T_le_v3D16_eabi.lib : hostopen.obj (.text)
                  00021534    0000005c                                 : hostread.obj (.text)
                  00021590    0000005c     sysbios.aer4ft : BIOS.obj (.text:ti_sysbios_utils_Load_updateCurrentThreadTime__E)
                  000215ec    0000005a     libuart_xwr68xx.aer4f : uartsci.oer4f (.text:UartSci_readCancel)
                  00021646    0000005a     libmmwavelink_xwr68xx.aer4f : rl_driver.oer4f (.text:rlDriverCalChkSum)
                  000216a0    00000058     libdpm_xwr68xx.aer4f : dpm_core.oer4f (.text:DPM_execute)
                  000216f8    00000058                          : dpm_mailbox.oer4f (.text:DPM_mboxInit)
                  00021750    00000058     libosal_xwr68xx.aer4f : DebugP_tirtos.oer4f (.text:DebugP_log0)
                  000217a8    00000058                           : DebugP_tirtos.oer4f (.text:DebugP_log1)
                  00021800    00000058     libedma_xwr68xx.aer4f : edma_low_level.oer4f (.text:EDMA3EnableChInShadowReg)
                  00021858    00000058     libesm_xwr68xx.aer4f : esm.oer4f (.text:ESM_highpriority_FIQ)
                  000218b0    00000058     libhwa_xwr68xx.aer4f : hwa.oer4f (.text:HWA_getDMAconfig)
                  00021908    00000058     libmmwave_xwr68xx.aer4f : mmwave.oer4f (.text:MMWave_execute)
                  00021960    00000058                             : mmwave_link.oer4f (.text:MMWave_initCRC)
                  000219b8    00000058     mmw_cli.oer4f (.text:MmwDemo_CLISensorStop)
                  00021a10    00000058     main.oer4f (.text:MmwDemo_mmWaveCtrlTask)
                  00021a68    00000058     libqspiflash_xwr68xx.aer4f : qspiflash.oer4f (.text:QSPIFlash_configMmapWrite)
                  00021ac0    00000058     libuart_xwr68xx.aer4f : uartsci_dma.oer4f (.text:UartSci_closeDMA)
                  00021b18    00000058     mmwdemo_flash.oer4f (.text:mmwDemo_flashRead)
                  00021b70    00000058     rtsv7R4_T_le_v3D16_eabi.lib : close.obj (.text)
                  00021bc8    00000058                                 : hostwrite.obj (.text)
                  00021c20    00000056     libaoa2dproc_hwa_xwr68xx.aer4f : aoa2dprochwa.oer4f (.text:AoAProcHWA_config_HWA_common)
                  00021c76    00000056     libmmwavelink_xwr68xx.aer4f : rl_driver.oer4f (.text:rlDriverOsiCbCheck)
                  00021ccc    00000054     libcrc_xwr68xx.aer4f : crc.oer4f (.text:CRC_getTransactionId)
                  00021d20    00000054     libdma_xwr68xx.aer4f : dma.oer4f (.text:DMA_freeChannel)
                  00021d74    00000054     libedma_xwr68xx.aer4f : edma.oer4f (.text:EDMA_error_isr)
                  00021dc8    00000054     libmmwave_xwr68xx.aer4f : mmwave_link.oer4f (.text:MMWave_initLink)
                  00021e1c    00000054     main.oer4f (.text:MmwDemo_CfgUpdate)
                  00021e70    00000054     libqspiflash_xwr68xx.aer4f : qspiflash.oer4f (.text:QSPIFlash_writeEnable)
                  00021ec4    00000054     rtsv7R4_T_le_v3D16_eabi.lib : ltoa.obj (.text)
                  00021f18    00000054     mmw_per4ft.oer4ft (.text:ti_sysbios_family_arm_v7r_vim_Hwi_create)
                  00021f6c    00000004     libmmwave_xwr68xx.aer4f : mmwave_link.oer4f (.text:MMWave_unmaskHostIRQ)
                  00021f70    00000054     sysbios.aer4ft : BIOS.obj (.text:ti_sysbios_heaps_HeapMem_getStats__E)
                  00021fc4    0000000a     objectdetection.oer4f (.text:DPC_ObjDet_GetRangeWinGenLen)
                  00021fce    00000002     --HOLE-- [fill = 0]
                  00021fd0    00000054     sysbios.aer4ft : BIOS.obj (.text:xdc_runtime_Core_assignLabel__I)
                  00022024    00000052     libdpedma_hwa_xwr68xx.aer4f : dpedma.oer4f (.text:DPEDMA_setup_shadow_link)
                  00022076    00000002     --HOLE-- [fill = 0]
                  00022078    00000050     libcrc_xwr68xx.aer4f : crc.oer4f (.text:CRC_getSignature)
                  000220c8    00000050     libedma_xwr68xx.aer4f : edma_low_level.oer4f (.text:EDMA3MapChToEvtQ)
                  00022118    00000050     libmmwave_xwr68xx.aer4f : mmwave.oer4f (.text:MMWave_sync)
                  00022168    00000050     mmw_cli.oer4f (.text:MmwDemo_CLIMultiObjBeamForming)
                  000221b8    00000050     mmw_cli.oer4f (.text:MmwDemo_CLIQueryDemoStatus)
                  00022208    00000050     libmmwavelink_xwr68xx.aer4f : rl_driver.oer4f (.text:rlDeviceIdentifyCmdDir)
                  00022258    00000050                                 : rl_driver.oer4f (.text:rlDriverVerifyCRC)
                  000222a8    00000050     rtsv7R4_T_le_v3D16_eabi.lib : atoi.obj (.text)
                  000222f8    00000050                                 : exit.obj (.text)
                  00022348    00000050                                 : u_div32.obj (.text)
                  00022398    00000006     libedma_xwr68xx.aer4f : edma_low_level.oer4f (.text:EDMA3ErrIntrHighStatusGet)
                  0002239e    00000002     --HOLE-- [fill = 0]
                  000223a0    00000050     sysbios.aer4ft : BIOS.obj (.text:xdc_runtime_System_exit__E)
                  000223f0    0000004c     libaoa2dproc_hwa_xwr68xx.aer4f : aoa2dprochwa.oer4f (.text:AoAProcHWA_findSinglePeak)
                  0002243c    0000004c     libcli_xwr68xx.aer4f : cli.oer4f (.text:CLI_write)
                  00022488    0000004c     libstaticclutterproc_xwr68xx.aer4f : staticclutterproc.oer4f (.text:DPU_StaticClutterProc_config)
                  000224d4    0000004c     libedma_xwr68xx.aer4f : edma.oer4f (.text:EDMA_disableChannel)
                  00022520    0000004c                           : edma.oer4f (.text:EDMA_enableChannel)
                  0002256c    0000004c     libhwa_xwr68xx.aer4f : hwa.oer4f (.text:HWA_enableDoneInterrupt)
                  000225b8    0000004c     libmailbox_xwr68xx.aer4f : mailbox.oer4f (.text:Mailbox_boxEmptyISRProcessing)
                  00022604    0000004c     libqspiflash_xwr68xx.aer4f : qspiflash_device_macronix.oer4f (.text:QSPIFlash_macronix_init)
                  00022650    0000004c     libuart_xwr68xx.aer4f : uartsci.oer4f (.text:UartSci_writeCancel)
                  0002269c    0000004c     rtsv7R4_T_le_v3D16_eabi.lib : cpy_tbl.obj (.text)
                  000226e8    00000006     libedma_xwr68xx.aer4f : edma_low_level.oer4f (.text:EDMA3GetCCErrStatus)
                  000226ee    00000002     --HOLE-- [fill = 0]
                  000226f0    0000004c     sysbios.aer4ft : BIOS.obj (.text:ti_sysbios_family_arm_v7r_vim_Hwi_getStackInfo__E)
                  0002273c    0000004c     mmw_per4ft.oer4ft (.text:ti_sysbios_knl_Task_create)
                  00022788    00000006     libedma_xwr68xx.aer4f : edma_low_level.oer4f (.text:EDMA3GetErrIntrStatus)
                  0002278e    00000002     --HOLE-- [fill = 0]
                  00022790    0000004c     sysbios.aer4ft : BIOS.obj (.text:ti_sysbios_knl_Task_stat__E)
                  000227dc    00000004     libmmwave_xwr68xx.aer4f : mmwave_link.oer4f (.text:MMWave_waitIRQStatus)
                  000227e0    0000004c     sysbios.aer4ft : BIOS.obj (.text:ti_sysbios_utils_Load_taskSwitchHook__E)
                  0002282c    0000004a     libdpm_xwr68xx.aer4f : dpm_mailbox.oer4f (.text:DPM_mboxSendResult)
                  00022876    0000004a     libmailbox_xwr68xx.aer4f : mailbox.oer4f (.text:Mailbox_boxFullISRProcessing)
                  000228c0    0000004a     sysbios.aer4ft : BIOS.obj (.text:xdc_runtime_Core_assignParams__I)
                  0002290a    00000006     libedma_xwr68xx.aer4f : edma_low_level.oer4f (.text:EDMA3QdmaGetErrIntrStatus)
                  00022910    0000004a     sysbios.aer4ft : BIOS.obj (.text:xdc_runtime_Text_xprintf__I)
                  0002295a    00000002     --HOLE-- [fill = 0]
                  0002295c    00000049     mmw_lvds_stream.oer4f (.text:MmwDemo_LVDSStream_EDMAAllocateCBUFFChannel)
                  000229a5    00000001     --HOLE-- [fill = 0]
                  000229a6    00000048     libcbuff_xwr68xx.aer4f : cbuff_transfer.oer4f (.text:CBUFF_setup_USER)
                  000229ee    00000048     libcfarcaproc_hwa_xwr68xx.aer4f : cfarcaprochwa.oer4f (.text:CFARHWA_convHwaCfarDetListToDetMask)
                  00022a36    00000048     libdpm_xwr68xx.aer4f : dpm_pipe.oer4f (.text:DPM_pipeRecv)
                  00022a7e    00000002     --HOLE-- [fill = 0]
                  00022a80    00000048     libhwa_xwr68xx.aer4f : hwa.oer4f (.text:HWA_deleteInstance)
                  00022ac8    00000048                          : hwa.oer4f (.text:HWA_readCFARPeakCountReg)
                  00022b10    00000048     main.oer4f (.text:MmwDemo_resetStaticCfgPendingState)
                  00022b58    00000048     mmwdemo_flash.oer4f (.text:mmwDemo_flashWrite)
                  00022ba0    00000048     libmmwavelink_xwr68xx.aer4f : rl_device.oer4f (.text:rlDeviceGetVersion)
                  00022be8    00000048                                 : rl_driver.oer4f (.text:rlDriverOsiInit)
                  00022c30    00000048     mmw_per4ft.oer4ft (.text:xdc_runtime_LoggerBuf_Object__create__S)
                  00022c78    00000046     libmailbox_xwr68xx.aer4f : mailbox.oer4f (.text:CSL_FINSR)
                  00022cbe    00000002     --HOLE-- [fill = 0]
                  00022cc0    00000044     libadcbuf_xwr68xx.aer4f : adcbuf_mmwave.oer4f (.text:ADCBUF_MMWave_close)
                  00022d04    00000044     libcrc_xwr68xx.aer4f : crc.oer4f (.text:CRC_resetSignature)
                  00022d48    00000044     libdpm_xwr68xx.aer4f : dpm_core.oer4f (.text:DPM_start)
                  00022d8c    00000044                          : dpm_core.oer4f (.text:DPM_stop)
                  00022dd0    00000044     libmailbox_xwr68xx.aer4f : mailbox.oer4f (.text:Mailbox_boxFullISRMssDss)
                  00022e14    00000044     libsoc_xwr68xx.aer4f : soc_xwr68xx_mss.oer4f (.text:SOC_resetDMA)
                  00022e58    00000044     rtsv7R4_T_le_v3D16_eabi.lib : hostclose.obj (.text)
                  00022e9c    00000044                                 : hostunlink.obj (.text)
                  00022ee0    00000044     sysbios.aer4ft : BIOS.obj (.text:ti_sysbios_family_arm_v7r_tms570_Core_Module_startup__E)
                  00022f24    0000000a     libdpm_xwr68xx.aer4f : dpm_core.oer4f (.text:DPM_chirpISR)
                  00022f2e    00000002     --HOLE-- [fill = 0]
                  00022f30    00000044     sysbios.aer4ft : BIOS.obj (.text:ti_sysbios_knl_Task_allBlockedFunction__I)
                  00022f74    0000000a     libdpm_xwr68xx.aer4f : dpm_core.oer4f (.text:DPM_frameStartISR)
                  00022f7e    00000002     --HOLE-- [fill = 0]
                  00022f80    00000044     sysbios.aer4ft : BIOS.obj (.text:xdc_runtime_LoggerBuf_Module_startup__E)
                  00022fc4    0000000a     libosal_xwr68xx.aer4f : MemoryP_tirtos.oer4f (.text:MemoryP_ctrlFree)
                  00022fce    00000002     --HOLE-- [fill = 0]
                  00022fd0    00000044     sysbios.aer4ft : BIOS.obj (.text:xdc_runtime_System_atexit__E)
                  00023014    00000042     libcbuff_xwr68xx.aer4f : cbuff_lvds.oer4f (.text:CBUFF_closeLVDS)
                  00023056    00000042     libedma_xwr68xx.aer4f : edma.oer4f (.text:EDMA_transferController_error_isr)
                  00023098    00000042     libhwa_xwr68xx.aer4f : hwa.oer4f (.text:HWA_reset)
                  000230da    00000042     libmmwave_xwr68xx.aer4f : mmwave_link.oer4f (.text:MMWave_executeLink)
                  0002311c    00000042     libmmwavelink_xwr68xx.aer4f : rl_controller.oer4f (.text:rlGetSubBlock)
                  0002315e    00000040     objectdetection.oer4f (.text:DPC_ObjDet_GetAntGeometryDef)
                  0002319e    00000002     --HOLE-- [fill = 0]
                  000231a0    00000040     libedma_xwr68xx.aer4f : edma.oer4f (.text:EDMA_linkParamSets)
                  000231e0    00000040     libhwa_xwr68xx.aer4f : hwa.oer4f (.text:HWA_getHWAMemInfo)
                  00023220    00000040     mmw_cli.oer4f (.text:MmwDemo_CLIClutterRemoval)
                  00023260    00000040     mmw_cli.oer4f (.text:MmwDemo_CLIExtendedMaxVelocity)
                  000232a0    00000040     libqspiflash_xwr68xx.aer4f : qspiflash.oer4f (.text:QSPIFlash_progQuadRead)
                  000232e0    00000040                                : qspiflash_device_spansion.oer4f (.text:QSPIFlash_spansion_init)
                  00023320    00000040     libsoc_xwr68xx.aer4f : soc_xwr68xx_mss.oer4f (.text:SOC_isSecureDevice)
                  00023360    00000040     libmmwavelink_xwr68xx.aer4f : rl_driver.oer4f (.text:rlDriverValidateHdr)
                  000233a0    00000040     rtsv7R4_T_le_v3D16_eabi.lib : strtok.obj (.text)
                  000233e0    00000040     sysbios.aer4ft : BIOS.obj (.text:ti_sysbios_timers_rti_Timer_stop__E)
                  00023420    0000003e     libadcbuf_xwr68xx.aer4f : adcbuf_mmwave.oer4f (.text:CSL_FINSR)
                  0002345e    0000003e     libcbuff_xwr68xx.aer4f : cbuff.oer4f (.text:CSL_FINSR)
                  0002349c    0000003e                            : cbuff_lvds.oer4f (.text:CSL_FINSR)
                  000234da    0000003e     libcrc_xwr68xx.aer4f : crc.oer4f (.text:CSL_FINSR)
                  00023518    0000003e     libdma_xwr68xx.aer4f : dma.oer4f (.text:CSL_FINSR)
                  00023556    0000003e     libgpio_xwr68xx.aer4f : gpio.oer4f (.text:CSL_FINSR)
                  00023594    0000003e     libhwa_xwr68xx.aer4f : hwa.oer4f (.text:CSL_FINSR)
                  000235d2    0000003e     libpinmux_xwr68xx.aer4f : pinmux.oer4f (.text:CSL_FINSR)
                  00023610    0000003e     libqspi_xwr68xx.aer4f : qspi.oer4f (.text:CSL_FINSR)
                  0002364e    0000003e     libsoc_xwr68xx.aer4f : soc.oer4f (.text:CSL_FINSR)
                  0002368c    0000003e                          : soc_xwr68xx.oer4f (.text:CSL_FINSR)
                  000236ca    0000003e                          : soc_xwr68xx_mss.oer4f (.text:CSL_FINSR)
                  00023708    0000003e     libuart_xwr68xx.aer4f : uartsci.oer4f (.text:CSL_FINSR)
                  00023746    0000003e     libdpm_xwr68xx.aer4f : dpm_msg.oer4f (.text:DPM_msgStopHandler)
                  00023784    0000003e     libhwa_xwr68xx.aer4f : hwa.oer4f (.text:HWA_enable)
                  000237c2    0000003e     libmmwave_xwr68xx.aer4f : mmwave.oer4f (.text:MMWave_decodeError)
                  00023800    0000003e     libuart_xwr68xx.aer4f : uartsci.oer4f (.text:UartSci_close)
                  0002383e    0000003e     mmwdemo_monitor.oer4f (.text:mmwDemo_cfgAnalogMonitor)
                  0002387c    0000003c     libcbuff_xwr68xx.aer4f : cbuff_transfer.oer4f (.text:CBUFF_configCQEDMA)
                  000238b8    0000003c     libcli_xwr68xx.aer4f : cli_mmwave.oer4f (.text:CLI_MMWaveFlushCfg)
                  000238f4    0000003c     libedma_xwr68xx.aer4f : edma.oer4f (.text:EDMA_chainChannels)
                  00023930    0000003c                           : edma.oer4f (.text:EDMA_getErrorStatus)
                  0002396c    0000003c                           : edma.oer4f (.text:EDMA_getTransferControllerErrorStatus)
                  000239a8    0000003c     libmailbox_xwr68xx.aer4f : mailbox.oer4f (.text:Mailbox_writeReset)
                  000239e4    0000003c     libsoc_xwr68xx.aer4f : soc.oer4f (.text:SOC_unhaltBSS)
                  00023a20    0000003c     sysbios.aer4ft : vim_Hwi_asm.obj (.text:ti_sysbios_family_arm_v7r_vim_Hwi_init__I)
                  00023a5c    00000004     data_path.oer4f (.text:MmwDemo_hwaInit)
                  00023a60    0000003c     sysbios.aer4ft : BIOS.obj (.text:ti_sysbios_hal_Hwi_checkStack)
                  00023a9c    00000004     main.oer4f (.text:MmwDemo_sleep)
                  00023aa0    0000003c     sysbios.aer4ft : BIOS.obj (.text:ti_sysbios_heaps_HeapMem_init__I)
                  00023adc    0000003a     libhwa_xwr68xx.aer4f : hwa.oer4f (.text:HWA_setDMA2ACCManualTrig)
                  00023b16    00000002     --HOLE-- [fill = 0]
                  00023b18    0000003a     libosal_xwr68xx.aer4f : HwiP_tirtos.oer4f (.text:HwiP_delete)
                  00023b52    00000038     libcbuff_xwr68xx.aer4f : cbuff_transfer.oer4f (.text:CBUFF_addUserBufferLLEntry)
                  00023b8a    00000038                            : cbuff_transfer.oer4f (.text:CBUFF_setupHeader)
                  00023bc2    00000002     --HOLE-- [fill = 0]
                  00023bc4    00000038     libcli_xwr68xx.aer4f : cli_mmwave.oer4f (.text:CLI_MMWaveExtensionInit)
                  00023bfc    00000038     libdpm_xwr68xx.aer4f : dpm_core.oer4f (.text:DPM_notifyExecute)
                  00023c34    00000038     libedma_xwr68xx.aer4f : edma_low_level.oer4f (.text:EDMA3ClrMissEvt)
                  00023c6c    00000038     data_path.oer4f (.text:MmwDemo_EDMA_errorCallbackFxn)
                  00023ca4    00000038     data_path.oer4f (.text:MmwDemo_EDMA_transferControllerErrorCallbackFxn)
                  00023cdc    00000038     libuart_xwr68xx.aer4f : UART.oer4f (.text:UART_init)
                  00023d14    00000036     libmmwavelink_xwr68xx.aer4f : rl_controller.oer4f (.text:rlAppendSubBlock)
                  00023d4a    00000036     rtsv7R4_T_le_v3D16_eabi.lib : strncpy.obj (.text)
                  00023d80    00000034     libadcbuf_xwr68xx.aer4f : ADCBuf.oer4f (.text:ADCBuf_open)
                  00023db4    00000034     libedma_xwr68xx.aer4f : edma.oer4f (.text:EDMA_configTransferControllerError)
                  00023de8    00000034     libhwa_xwr68xx.aer4f : hwa.oer4f (.text:HWA_disableDoneInterrupt)
                  00023e1c    00000034     libmmwave_xwr68xx.aer4f : mmwave_link.oer4f (.text:MMWave_mboxWrite)
                  00023e50    00000034     libsoc_xwr68xx.aer4f : soc_xwr68xx.oer4f (.text:SOC_enableHWA)
                  00023e84    00000034                          : soc_xwr68xx_mss.oer4f (.text:SOC_hasDSPCore)
                  00023eb8    00000034                          : soc_xwr68xx.oer4f (.text:SOC_setMMWaveDSSLinkState)
                  00023eec    00000034                          : soc_xwr68xx.oer4f (.text:SOC_setMMWaveMSSLinkState)
                  00023f20    00000034                          : soc_xwr68xx.oer4f (.text:SOC_setMSSLinkState)
                  00023f54    00000034     libuart_xwr68xx.aer4f : UART.oer4f (.text:UART_open)
                  00023f88    00000006     libosal_xwr68xx.aer4f : HwiP_tirtos.oer4f (.text:HwiP_restore)
                  00023f8e    00000002     --HOLE-- [fill = 0]
                  00023f90    00000034     sysbios.aer4ft : BIOS.obj (.text:ti_sysbios_family_arm_a15_TimestampProvider_get64__E)
                  00023fc4    00000034     mmw_per4ft.oer4ft (.text:ti_sysbios_knl_Semaphore_create)
                  00023ff8    00000032     libcfarcaproc_hwa_xwr68xx.aer4f : cfarcaprochwa.oer4f (.text:CFARHWA_fovConvertRange)
                  0002402a    00000002     --HOLE-- [fill = 0]
                  0002402c    00000032     libcrc_xwr68xx.aer4f : crc.oer4f (.text:CRC_getCRCDataSelectBitValue)
                  0002405e    00000002     --HOLE-- [fill = 0]
                  00024060    00000032                          : crc.oer4f (.text:CRC_getCRCTypeBitValue)
                  00024092    00000032     libedma_xwr68xx.aer4f : edma.oer4f (.text:EDMA_configQueueThreshold)
                  000240c4    00000032     libhwa_xwr68xx.aer4f : hwa.oer4f (.text:HWA_allParamDoneISR)
                  000240f6    0000000a     main.oer4f (.text:MmwDemo_resetDynObjDetCfgPendingState)
                  00024100    00000032     sysbios.aer4ft : BIOS.obj (.text:ti_sysbios_hal_Hwi_initStack)
                  00024132    00000002     --HOLE-- [fill = 0]
                  00024134    00000030     libadcbuf_xwr68xx.aer4f : ADCBuf.oer4f (.text:ADCBuf_init)
                  00024164    00000030     libcbuff_xwr68xx.aer4f : cbuff_transfer.oer4f (.text:CBUFF_addCQLLEntry)
                  00024194    00000030     libmmwave_xwr68xx.aer4f : mmwave_listlib.oer4f (.text:MMWave_listRemoveNode)
                  000241c4    00000030     libsoc_xwr68xx.aer4f : soc.oer4f (.text:SOC_getDevicePartNumber)
                  000241f4    00000030     libmmwavelink_xwr68xx.aer4f : rl_sensor.oer4f (.text:rlSensorStart)
[...]
000277d0  ti_sysbios_knl_Task_defaultStackSize__C                              
000277d4  ti_sysbios_knl_Task_numConstructedTasks__C                           
000277d8  ti_sysbios_timers_rti_Timer_E_cannotSupport__C                       
000277dc  ti_sysbios_timers_rti_Timer_Module__diagsEnabled__C                  
000277e0  ti_sysbios_timers_rti_Timer_Module__diagsIncluded__C                 
000277e4  ti_sysbios_timers_rti_Timer_Module__diagsMask__C                     
000277e8  ti_sysbios_timers_rti_Timer_numTimerDevices__C                       
000277ec  ti_sysbios_timers_rti_Timer_startupNeeded__C                         
000277f0  ti_sysbios_utils_Load_LS_cpuLoad__C                                  
000277f4  ti_sysbios_utils_Load_LS_taskLoad__C                                 
000277f8  ti_sysbios_utils_Load_Module_State_taskList__O                       
000277fc  ti_sysbios_utils_Load_Module__diagsEnabled__C                        
00027800  ti_sysbios_utils_Load_Module__diagsIncluded__C                       
00027804  ti_sysbios_utils_Load_Module__diagsMask__C                           
00027808  ti_sysbios_utils_Load_Module__loggerFxn1__C                          
0002780c  ti_sysbios_utils_Load_Module__loggerFxn4__C                          
00027810  ti_sysbios_utils_Load_Module__loggerObj__C                           
00027814  ti_sysbios_utils_Load_postUpdate__C                                  
00027818  ti_sysbios_utils_Load_windowInMs__C                                  
0002781c  xdc_runtime_Assert_E_assertFailed__C                                 
00027820  xdc_runtime_Core_A_initializedParams__C                              
00027824  xdc_runtime_Core_Module__diagsEnabled__C                             
00027828  xdc_runtime_Core_Module__diagsIncluded__C                            
0002782c  xdc_runtime_Core_Module__diagsMask__C                                
00027830  xdc_runtime_Error_E_memory__C                                        
00027834  xdc_runtime_Error_Module__diagsEnabled__C                            
00027838  xdc_runtime_Error_Module__diagsIncluded__C                           
0002783c  xdc_runtime_Error_Module__diagsMask__C                               
00027840  xdc_runtime_Error_Module__loggerFxn8__C                              
00027844  xdc_runtime_Error_Module__loggerObj__C                               
00027848  xdc_runtime_Error_policyFxn__C                                       
0002784c  xdc_runtime_Error_policy__C                                          
00027850  xdc_runtime_Error_raiseHook__C                                       
00027854  xdc_runtime_IFilterLogger_Interface__BASE__C                         
00027858  xdc_runtime_IGateProvider_Interface__BASE__C                         
0002785c  xdc_runtime_IHeap_Interface__BASE__C                                 
00027860  xdc_runtime_ILogger_Interface__BASE__C                               
00027864  xdc_runtime_IModule_Interface__BASE__C                               
00027868  xdc_runtime_Log_L_error__C                                           
0002786c  xdc_runtime_LoggerBuf_E_badLevel__C                                  
00027870  xdc_runtime_LoggerBuf_Module__gateObj__C                             
00027874  xdc_runtime_LoggerBuf_Object__count__C                               
00027878  xdc_runtime_LoggerBuf_statusLogger__C                                
0002787c  xdc_runtime_Main_Module__diagsEnabled__C                             
00027880  xdc_runtime_Main_Module__diagsIncluded__C                            
00027884  xdc_runtime_Main_Module__diagsMask__C                                
00027888  xdc_runtime_Main_Module__loggerFxn1__C                               
0002788c  xdc_runtime_Main_Module__loggerFxn2__C                               
00027890  xdc_runtime_Main_Module__loggerFxn4__C                               
00027894  xdc_runtime_Main_Module__loggerObj__C                                
00027898  xdc_runtime_Memory_defaultHeapInstance__C                            
0002789c  xdc_runtime_Startup_execImpl__C                                      
000278a0  xdc_runtime_Startup_maxPasses__C                                     
000278a4  xdc_runtime_Startup_sfxnRts__C                                       
000278a8  xdc_runtime_Startup_sfxnTab__C                                       
000278ac  xdc_runtime_System_Module__gateObj__C                                
000278b0  xdc_runtime_System_abortFxn__C                                       
000278b4  xdc_runtime_System_exitFxn__C                                        
000278b8  xdc_runtime_System_extendFxn__C                                      
000278bc  xdc_runtime_System_maxAtexitHandlers__C                              
000278c0  xdc_runtime_Text_charTab__C                                          
000278c4  xdc_runtime_Text_nameEmpty__C                                        
000278c8  xdc_runtime_Text_nameStatic__C                                       
000278cc  xdc_runtime_Text_nameUnknown__C                                      
000278d0  xdc_runtime_Text_visitRopeFxn__C                                     
000278d4  ti_sysbios_family_arm_v7r_vim_Hwi_Module__id__C                      
000278d6  ti_sysbios_family_arm_v7r_vim_Hwi_Module__loggerDefined__C           
000278d8  ti_sysbios_gates_GateMutex_Module__id__C                             
000278da  ti_sysbios_hal_Hwi_Module__id__C                                     
000278dc  ti_sysbios_heaps_HeapMem_Module__id__C                               
000278de  ti_sysbios_knl_Clock_Module__id__C                                   
000278e0  ti_sysbios_knl_Clock_Module__loggerDefined__C                        
000278e2  ti_sysbios_knl_Semaphore_Module__id__C                               
000278e4  ti_sysbios_knl_Semaphore_Module__loggerDefined__C                    
000278e6  ti_sysbios_knl_Task_Module__id__C                                    
000278e8  ti_sysbios_knl_Task_Module__loggerDefined__C                         
000278ea  ti_sysbios_timers_rti_Timer_Module__id__C                            
000278ec  ti_sysbios_timers_rti_Timer_continueOnSuspend__C                     
000278ee  ti_sysbios_utils_Load_Module__id__C                                  
000278f0  ti_sysbios_utils_Load_Module__loggerDefined__C                       
000278f2  ti_sysbios_utils_Load_autoAddTasks__C                                
000278f4  ti_sysbios_utils_Load_updateInIdle__C                                
000278f6  xdc_runtime_Core_Module__id__C                                       
000278f8  xdc_runtime_Error_Module__loggerDefined__C                           
000278fa  xdc_runtime_Error_maxDepth__C                                        
000278fc  xdc_runtime_LoggerBuf_Module__id__C                                  
000278fe  xdc_runtime_LoggerBuf_filterByLevel__C                               
00027900  xdc_runtime_Main_Module__id__C                                       
00027902  xdc_runtime_Main_Module__loggerDefined__C                            
00027904  xdc_runtime_Memory_Module__id__C                                     
00027906  xdc_runtime_Text_charCnt__C                                          
00027908  xdc_runtime_Text_isLoaded__C                                         
0002790a  xdc_runtime_Text_registryModsLastId__C                               
0002790c  xdc_runtime_Text_unnamedModsLastId__C                                
00027910  __TI_static_base__                                                   
00027eb8  __TI_Handler_Table_Base                                              
00027ec4  __TI_Handler_Table_Limit                                             
00027ef0  __TI_CINIT_Base                                                      
00027f20  __TI_CINIT_Limit                                                     
08000000  ti_sysbios_heaps_HeapMem_Instance_State_0_buf__A                     
08018000  gDPC_ObjDetTCM                                                       
08024400  xdc_runtime_LoggerBuf_Instance_State_0_entryArr__A                   
08025d00  ti_sysbios_family_arm_exc_Exception_Module_State_0_excStack_0__A     
08026d00  edmaDbg                                                              
08027408  ti_sysbios_knl_Task_Instance_State_0_stack__A                        
08027728  gCLI                                                                 
080278d0  gGPIOMCB                                                             
08027a64  __CIOBUF_                                                            
08027b84  gMMWave_MCB                                                          
08027c84  __TI_tmpnams                                                         
08027d24  gObjDetObj                                                           
08027d28  gHSIHeaderMCB                                                        
08027db8  gEsmMCB                                                              
08027e28  gMmwDemoFlash                                                        
08027e34  gMMWave_DualcoreMCB                                                  
08027e3c  parmbuf                                                              
08027e44  ti_sysbios_knl_Task_Instance_State_0_hookEnv__A                      
08027e48  ML_GtrackHandle                                                      
08027e4c  ML_GtrackErrCode                                                     
08027e50  gRFLdoBypassCfg                                                      
08027e54  ML_GtrackAdvParams                                                   
08027e68  ML_GtrackGatingParams                                                
08027e7c  ML_GtrackAllocationParams                                            
08027e94  ML_targetMap                                                         
08027eb4  ML_uniqueMap                                                         
08027ed4  ML_GtrackParams                                                      
08027f00  RADAR_systemConfig                                                   
08027f74  ML_GtrackSceneryParams                                               
08027ff0  gCalibDataStorage                                                    
08028450  gMmwMCB                                                              
08028c68  rl_txMsg                                                             
08028d68  rl_rxMsg                                                             
08029050  gCLI_mmwave_freq_scale_factor                                        
08029058  gCLIMMWaveOpenCfg                                                    
08029080  gCLIMMWaveExtensionTable                                             
08029128  gCLIMMWaveControlCfg                                                 
080291f4  partInfoStringArray                                                  
080293d8  ti_sysbios_family_arm_v7r_vim_Hwi_Module_State_0_dispatchTable__A    
080295d8  _ftable                                                              
080296c8  ti_sysbios_utils_Load_Module__state__V                               
08029760  ti_sysbios_knl_Task_Module_State_0_readyQ__A                         
080297e0  _device                                                              
08029858  gCBUFFHwAttribute                                                    
080298d0  ti_sysbios_knl_Task_Object__table__V                                 
0802992c  gUartSciHwCfg                                                        
08029984  _stream                                                              
080299d4  gMailboxMCB                                                          
08029a24  ti_sysbios_knl_Task_Module__state__V                                 
08029a6c  SOC_TranslateAddr_LUT                                                
08029aac  ti_sysbios_gates_GateMutex_Object__table__V                          
08029aec  ti_sysbios_timers_rti_Timer_Object__table__V                         
08029b28  gCBUFFInterfaceFxn                                                   
08029b60  ti_sysbios_family_arm_v7r_vim_Hwi_Module__state__V                   
08029b94  gHWAHwCfg                                                            
08029bc4  ti_sysbios_family_arm_v7r_vim_Hwi_Object__table__V                   
08029bf0  ti_sysbios_knl_Clock_Module__state__V                                
08029c1c  gUartSciFxnTable                                                     
08029c44  UART_config                                                          
08029c68  gDPC_ObjectDetectionCfg                                              
08029c8c  ti_sysbios_BIOS_Module__state__V                                     
08029cb0  xdc_runtime_LoggerBuf_Object__table__V                               
08029cd4  gAntennaSpacing                                                      
08029cd8  gSOCHwAttrib                                                         
08029cf8  ti_sysbios_knl_Clock_Object__table__V                                
08029d18  xdc_runtime_Error_IgnoreBlock                                        
08029d38  xdc_runtime_System_Module_State_0_atexitHandlers__A                  
08029d58  gAntDef_IWR6843AOP                                                   
08029d74  ti_sysbios_utils_Load_Module_State_0_taskEnv__A                      
08029d90  ADCBuf_config                                                        
08029da8  gInterleavedTransferFxn                                              
08029dc0  gMailboxMssBssHwCfg                                                  
08029dd8  gMailboxMssDssHwCfg                                                  
08029df0  gMultipleChirpNonInterleavedTransferFxn                              
08029e08  gNonInterleavedTransferFxn                                           
08029e20  ti_sysbios_heaps_HeapMem_Object__table__V                            
08029e38  ti_sysbios_timers_rti_Timer_Module_State_0_device__A                 
08029e50  gDPMRemoteTable                                                      
08029e64  ti_sysbios_family_arm_exc_Exception_Module__state__V                 
08029e78  gHwaEDMAChanMapping                                                  
08029e88  gQSPIHwCfg                                                           
08029e98  __TI_ft_end                                                          
08029e9c  __aeabi_stdin                                                        
08029ea0  __aeabi_stdout                                                       
08029ea4  __aeabi_stderr                                                       
08029ea8  ti_sysbios_timers_rti_Timer_Module_State_0_intFreqs__A               
08029eb8  ti_sysbios_timers_rti_Timer_Module__state__V                         
08029ec8  __TI_cleanup_ptr                                                     
08029ecc  __TI_dtors_ptr                                                       
08029ed0  __TI_enable_exit_profile_output                                      
08029ed4  gESMHwCfgAttrs                                                       
08029ee0  ti_sysbios_family_arm_v7a_Pmu_Module__state__V                       
08029eec  ti_sysbios_knl_Task_Module__root__V                                  
08029ef8  _lock                                                                
08029efc  _unlock                                                              
08029f00  MmwDemo_RFParserHwCfg                                                
08029f08  QSPIFlash_deviceFxnTbl_macronix                                      
08029f10  QSPIFlash_deviceFxnTbl_spansion                                      
08029f18  gDPMHwAttrib                                                         
08029f20  gGPIOHwAtrrib                                                        
08029f28  ti_sysbios_family_arm_v7r_vim_Hwi_Module__root__V                    
08029f30  ti_sysbios_gates_GateHwi_Module__root__V                             
08029f38  ti_sysbios_gates_GateMutex_Module__root__V                           
08029f40  ti_sysbios_hal_Hwi_Object__table__V                                  
08029f48  ti_sysbios_heaps_HeapMem_Module__root__V                             
08029f50  ti_sysbios_knl_Queue_Module__root__V                                 
08029f58  ti_sysbios_knl_Semaphore_Module__root__V                             
08029f60  ti_sysbios_timers_rti_Timer_Module_State_0_handles__A                
08029f68  xdc_runtime_LoggerBuf_Module__root__V                                
08029f70  xdc_runtime_Registry_Module__state__V                                
08029f78  xdc_runtime_Startup_Module__state__V                                 
08029f80  xdc_runtime_System_Module__state__V                                  
08029f88  xdc_runtime_LoggerBuf_Module__state__V                               
08029f8e  ti_sysbios_family_arm_exc_Exception_Module_State_0_excActive__A      
08029f90  gHWADriverPtr                                                        
08029f94  gQSPIFlashHwCfg                                                      
08029f9c  gCRCRegister                                                         
08029fa0  gDPM                                                                 
08029fa4  regionId                                                             
08029fa8  gPinmuxRegs                                                          
08029fac  gQSPIDriverPtr                                                       
08029fb4  errno                                                                
08029fc0  main_func_sp                                                         
08029fc8  ti_sysbios_family_arm_a15_TimestampProvider_Module__state__V         
08029fcc  ti_sysbios_family_arm_exc_Exception_Module_State_0_excContext__A     
08029fd0  ti_sysbios_family_arm_exc_Exception_Module_State_0_excStackBuffers__A
08029fd4  ti_sysbios_family_arm_exc_Exception_Module_State_0_excStack__A       
08029fd8  ti_sysbios_gates_GateHwi_Object__table__V                            
08029fdc  ti_sysbios_heaps_HeapBuf_Module__state__V                            
08029fe0  ti_sysbios_knl_Task_Module_State_0_idleTask__A                       
08029fe4  ti_sysbios_utils_Load_Module_State_0_runningTask__A                  
08029fe8  ti_sysbios_utils_Load_Module_State_0_taskStartTime__A                
08029fec  xdc_runtime_Memory_Module__state__V                                  
08029ff0  xdc_runtime_Error_Module__state__V                                   
08029ff2  xdc_runtime_Main_Module__root__V                                     
08029ff8  ti_sysbios_family_arm_v7r_vim_Hwi_Module_State_0_fiqStack__A         
0802a7f8  __stack                                                              
0802aca8  __STACK_END                                                          
51000000  gMmwL3                                                               
fffffdec  ti_sysbios_family_arm_v7r_vim_Hwi_vim                                
ffffffff  __TI_pprof_out_hndl                                                  
ffffffff  __TI_prof_data_size                                                  
ffffffff  __TI_prof_data_start                                                 
ffffffff  __binit__                                                            
ffffffff  __c_args__                                                           
ffffffff  binit                                                                
UNDEFED   SHT$$INIT_ARRAY$$Base                                                
UNDEFED   SHT$$INIT_ARRAY$$Limit                                               
UNDEFED   gtrack_create                                                        
UNDEFED   gtrack_step                                                          

[1278 symbols]
